mmc.c:913:13:mmc_set_ios	8	static
mmc.c:55:12:mmc_send_cmd	32	static
mmc.c:600:12:mmc_send_ext_csd	56	static
mmc.c:428:12:mmc_go_idle	40	static
mmc.c:515:12:mmc_send_op_cond_iter	16	static
mmc.c:690:12:mmc_set_capacity	24	static
mmc.c:117:12:6	48	static
mmc.c:622:12:1	40	static
mmc.c:27:12:board_mmc_getwp	0	static
mmc.c:32:5:mmc_getwp	8	static
mmc.c:48:5:__board_mmc_getcd	0	static
mmc.c:172:13:find_mmc_device	8	static
mmc.c:241:1:mmc_berase	72	static
mmc.c:334:1:mmc_bwrite	88	static
mmc.c:396:14:mmc_bread	80	static
mmc.c:539:5:mmc_send_op_cond	48	static
mmc.c:561:5:mmc_complete_op_cond	48	static
mmc.c:718:5:mmc_switch_part	16	static
mmc.c:735:5:mmc_getcd	8	static
mmc.c:918:6:mmc_set_clock	8	static
mmc.c:938:12:mmc_startup	1472	static
mmc.c:1310:5:mmc_register	0	static
mmc.c:1340:5:mmc_start_init	56	static
mmc.c:1409:5:mmc_init	8	static
mmc.c:1330:19:mmc_get_dev	8	static
mmc.c:1429:12:__def_mmc_init	0	static
mmc.c:1437:6:print_mmc_devices	16	static
mmc.c:1454:5:get_mmc_num	0	static
mmc.c:1459:6:mmc_set_preinit	0	static
mmc.c:1478:5:mmc_initialize	16	static
