4a000000 T _start
4a000020 t _undefined_instruction
4a000024 t _software_interrupt
4a000028 t _prefetch_abort
4a00002c t _data_abort
4a000030 t _not_used
4a000034 t _irq
4a000038 t _fiq
4a00003c t _pad
4a000040 T _TEXT_BASE
4a000040 T _end_vect
4a000044 T _bss_start_ofs
4a000048 T _image_copy_end_ofs
4a00004c T _bss_end_ofs
4a000050 T _end_ofs
4a000054 T IRQ_STACK_START_IN
4a000058 t reset
4a000070 t call_board_init_f
4a000080 T relocate_code
4a00008c t stack_setup
4a0000ac t copy_loop
4a0000dc t fixloop
4a000100 t fixabs
4a000114 t fixrel
4a00011c t fixnext
4a000130 t _rel_dyn_start_ofs
4a000134 t _rel_dyn_end_ofs
4a000138 t _dynsym_start_ofs
4a00013c t clear_bss
4a000154 t clbss_l
4a000164 t jump_2_ram
4a00018c t _board_init_r_ofs
4a000190 t cpu_init_crit
4a0001e0 t undefined_instruction
4a000240 t software_interrupt
4a0002a0 t prefetch_abort
4a000300 t data_abort
4a000360 t not_used
4a0003c0 t irq
4a000420 t fiq
4a000480 t v7_maint_dcache_all
4a000568 t v7_dcache_inval_range
4a0005e8 T invalidate_icache_all
4a000600 T __v7_outer_cache_enable
4a000600 W v7_outer_cache_enable
4a000604 T __v7_outer_cache_disable
4a000604 W v7_outer_cache_disable
4a000608 T __v7_outer_cache_flush_all
4a000608 W v7_outer_cache_flush_all
4a00060c T flush_dcache_all
4a000620 T __v7_outer_cache_inval_all
4a000620 W v7_outer_cache_inval_all
4a000624 T invalidate_dcache_all
4a000638 T arm_init_before_mmu
4a000660 T __v7_outer_cache_flush_range
4a000660 W v7_outer_cache_flush_range
4a000664 T flush_dcache_range
4a0006a0 T flush_cache
4a0006a8 T __v7_outer_cache_inval_range
4a0006a8 W v7_outer_cache_inval_range
4a0006ac T invalidate_dcache_range
4a0006e8 T save_boot_params_default
4a0006e8 W save_boot_params
4a0006ec T cleanup_before_linux
4a00070c T sdelay
4a000718 T sr32
4a00073c T wait_on_value
4a000770 T timer_init
4a000790 T get_timer_masked
4a0007ec T get_timer
4a000800 T __udelay
4a00085c T get_ticks
4a00086c T get_tbclk
4a000874 T tick_printf
4a000878 T stick_printf
4a0008bc T print_boot_type
4a000938 T print_cpuinfo
4a000950 T watchdog_init
4a000964 T clock_init
4a00096c T gpio_init
4a000970 T sdram_init
4a000978 T get_base
4a000984 T is_running_in_sdram
4a00099c T s_init
4a0009b0 T reset_cpu
4a0009cc T enable_caches
4a0009d0 T sunxi_key_init
4a000a5c T sunxi_read_key
4a000a7c T sunxi_check_recovery
4a000af4 T sunxi_check_fastboot
4a000b6c T sunxi_key_hexdump
4a000be8 T do_key_test
4a000c20 t fastboot_bulk_endpoint_reset
4a000d04 t WriteDataStatusComplete.constprop.4
4a000d5c t fastboot_resume
4a00169c T fastboot_shutdown
4a0016f0 T fastboot_is_highspeed
4a00170c T fastboot_fifo_size
4a001728 T fastboot_poll
4a001aa0 T fastboot_tx_status
4a001bb4 T fastboot_tx
4a001bb8 T fastboot_getvar
4a001bc0 T fastboot_preboot
4a001bc8 T close_usb_clock
4a001bec T fastboot_init
4a001df8 T _unsparse
4a001fcc T do_unsparse
4a002024 t calc_crc32.constprop.0
4a0020c4 T sunxi_partition_get_total_num
4a0020ec T sunxi_partition_get_name
4a002114 T sunxi_partition_get_offset
4a002184 T sunxi_partition_get_size
4a0021f4 T sunxi_partition_get_offset_byname
4a002298 T sunxi_partition_get_size_byname
4a00233c T sunxi_partition_get_info_byname
4a002400 T sunxi_partition_init
4a0025cc t null_irq_hdle
4a0025d0 T irq_request
4a0025e8 T irq_free
4a002608 T irq_enable
4a00264c T irq_disable
4a002690 T gic_sgi_handler
4a002694 T gic_ppi_handler
4a002698 T gic_spi_handler
4a0026c0 T gic_clear_pending
4a0026e4 T gic_irq_handler
4a00272c T init_gic
4a00288c t _test_str_length
4a0028bc t sw_cfg_get_subkey
4a002950 t gpio_request.part.0
4a002db0 T sw_cfg_get_int
4a002de4 T sw_cfg_get_str
4a002e3c T script_parser_init_early
4a002e5c T script_parser_init
4a002e80 T script_parser_exit
4a002e98 T script_parser_fetch
4a0030d4 T script_parser_patch
4a003308 T script_parser_fetch_ex
4a003558 T script_parser_subkey_count
4a00360c T script_parser_mainkey_count
4a003628 T script_parser_mainkey_get_gpio_count
4a003724 T script_parser_mainkey_get_gpio_cfg
4a003890 T sw_gpio_init
4a003898 T gpio_exit
4a0038a0 T gpio_request
4a0038b8 T gpio_request_ex
4a003958 T gpio_release
4a003b58 T gpio_get_all_pin_status
4a003df4 T gpio_get_one_pin_status
4a003f5c T gpio_set_one_pin_status
4a0040f4 T gpio_set_one_pin_io_status
4a0041b4 T gpio_set_one_pin_pull
4a004274 T gpio_set_one_pin_driver_level
4a004334 T gpio_read_one_pin_value
4a0043f4 T gpio_write_one_pin_value
4a0044cc T USBC_GetVbusStatus
4a004504 T USBC_OTG_SelectMode
4a004508 T USBC_ReadLenFromFifo
4a004534 T USBC_WritePacket
4a004594 T USBC_ReadPacket
4a0045f4 T USBC_ConfigFIFO_Base
4a00462c T USBC_GetPortFifoStartAddr
4a004660 T USBC_GetPortFifoSize
4a004684 T USBC_SelectFIFO
4a004694 T __USBC_ConfigFifo_TxEp
4a0046e8 T __USBC_ConfigFifo_RxEp_Default
4a0046f8 T __USBC_ConfigFifo_RxEp
4a00474c T USBC_ConfigFifo_Default
4a004784 T USBC_ConfigFifo
4a0047c0 T USBC_GetLastFrameNumber
4a0047d0 T USBC_GetStatus_Dp
4a0047e8 T USBC_GetStatus_Dm
4a004800 T USBC_GetStatus_DpDm
4a004824 T USBC_GetOtgMode_Form_ID
4a004840 T USBC_GetOtgMode_Form_BDevice
4a004858 T USBC_SelectBus
4a0048a0 T USBC_INT_EpPending
4a0048e4 T USBC_INT_ClearEpPending
4a004938 T USBC_INT_ClearEpPendingAll
4a00497c T USBC_INT_MiscPending
4a004990 T USBC_INT_ClearMiscPending
4a0049a4 T USBC_INT_ClearMiscPendingAll
4a0049b8 T USBC_INT_EnableEp
4a004a14 T USBC_INT_EnableUsbMiscUint
4a004a30 T USBC_INT_DisableEp
4a004a7c T USBC_INT_DisableUsbMiscUint
4a004a94 T USBC_INT_DisableEpAll
4a004ad0 T USBC_INT_DisableUsbMiscAll
4a004ae4 T USBC_GetActiveEp
4a004af8 T USBC_SelectActiveEp
4a004b08 T USBC_EnhanceSignal
4a004b0c T USBC_EnterMode_TestPacket
4a004b24 T USBC_EnterMode_Test_K
4a004b3c T USBC_EnterMode_Test_J
4a004b54 T USBC_EnterMode_Test_SE0_NAK
4a004b6c T USBC_EnterMode_Idle
4a004bb8 T USBC_SetWakeUp_Default
4a004bbc T USBC_EnableIdPullUp
4a004bd4 T USBC_DisableIdPullUp
4a004bec T USBC_EnableDpDmPullUp
4a004c04 T USBC_DisableDpDmPullUp
4a004c1c T USBC_ForceId
4a004c6c T USBC_ForceVbusValid
4a004cbc T USBC_A_valid_InputSelect
4a004cc0 T USBC_EnableUsbLineStateBypass
4a004cc4 T USBC_DisableUsbLineStateBypass
4a004cc8 T USBC_EnableHosc
4a004ce0 T USBC_DisableHosc
4a004cf4 T USBC_IsVbusChange
4a004d10 T USBC_IsIdChange
4a004d2c T USBC_IsDpDmChange
4a004d48 T USBC_DisableWakeIrq
4a004d5c T USBC_DisableVbusChange
4a004d70 T USBC_DisableIdChange
4a004d84 T USBC_DisableDpDmChange
4a004d98 T USBC_EnableWakeIrq
4a004db0 T USBC_EnableVbusChange
4a004dc8 T USBC_EnableIdChange
4a004de0 T USBC_EnableDpDmChange
4a004df8 T USBC_TestMode_ReadReg
4a004e40 T USBC_PrintAllReg
4a0051ac T USBC_open_otg
4a0051f0 T USBC_close_otg
4a005218 T USBC_init
4a005254 T USBC_exit
4a005298 T USBC_Dev_SetAddress_default
4a0052ac T USBC_Dev_SetAddress
4a0052bc T USBC_Dev_QueryTransferMode
4a0052dc T USBC_Dev_ConfigTransferMode
4a00534c T USBC_Dev_ConectSwitch
4a005370 T USBC_Dev_QueryPowerStatus
4a005384 T USBC_Dev_ConfigEp
4a005490 T USBC_Dev_ConfigEp_Default
4a0054f4 T USBC_Dev_ConfigEpDma
4a005548 T USBC_Dev_ClearEpDma
4a0055a4 T USBC_Dev_IsEpStall
4a0055e8 T USBC_Dev_EpSendStall
4a00564c T USBC_Dev_EpClearStall
4a0056f0 T USBC_Dev_Ctrl_IsSetupEnd
4a005704 T USBC_Dev_Ctrl_ClearSetupEnd
4a00571c T USBC_Dev_WriteDataStatus
4a0057a8 T USBC_Dev_ReadDataStatus
4a005834 T USBC_Dev_IsReadDataReady
4a005874 T USBC_Dev_IsWriteDataReady
4a0058b8 T USBC_Host_SetFunctionAddress_Deafult
4a005914 T USBC_Host_SetFunctionAddress
4a00599c T USBC_Host_SetHubAddress_Deafult
4a0059d8 T USBC_Host_SetHubAddress
4a005a20 T USBC_Host_SetHPortAddress_Deafult
4a005a5c T USBC_Host_SetHPortAddress
4a005a90 T USBC_Host_QueryTransferMode
4a005ab0 T USBC_Host_ConfigTransferMode
4a005ae4 T USBC_Host_ResetPort
4a005afc T USBC_Host_ClearResetPortFlag
4a005b14 T USBC_Host_RusumePort
4a005b2c T USBC_Host_ClearRusumePortFlag
4a005b44 T USBC_Host_SuspendPort
4a005b5c T USBC_Host_QueryPowerStatus
4a005b70 T USBC_Host_StartSession
4a005b88 T USBC_Host_EndSession
4a005ba0 T USBC_Host_PeripheralType
4a005bc0 T USBC_Host_FlushFifo
4a005c0c T USBC_Host_ConfigEp_Default
4a005c90 T USBC_Host_ConfigEp
4a005df8 T USBC_Host_ConfigEpDma
4a005e3c T USBC_Host_ClearEpDma
4a005e8c T USBC_Host_IsEpNakTimeOut
4a005ed4 T USBC_Host_ClearEpNakTimeOut
4a005f2c T USBC_Host_IsEpError
4a005f80 T USBC_Host_ClearEpError
4a005fe8 T USBC_Host_IsEpStall
4a006040 T USBC_Host_ClearEpStall
4a0060ac T USBC_Host_ClearEpCSR
4a0060ec T USBC_Host_IsReadDataReady
4a00612c T USBC_Host_IsWriteDataReady
4a00617c T USBC_Host_ReadDataStatus
4a00621c T USBC_Host_WriteDataStatus
4a00629c T USBC_Host_IsReqPktSet
4a0062dc T USBC_Host_StartInToken
4a006320 T USBC_Host_StopInToken
4a006370 T USBC_Host_ConfigRqPktCount
4a006388 T USBC_Host_ClearRqPktCount
4a00639c T USBC_Host_EnablePing
4a0063bc T USBC_Host_DisablePing
4a0063d4 T USBC_Host_SendCtrlStatus
4a0063f8 T USBC_Host_SendSetupPkt
4a006410 T USBC_PHY_SetCommonConfig
4a006414 T USBC_PHY_SetPrivateConfig
4a006418 T USBC_PHY_GetCommonConfig
4a006420 T USBC_phy_Standby
4a0064b4 T USBC_Phy_Standby_Recover
4a0064b8 t _TEXT_BASE
4a0064bc T lowlevel_init
4a0064d8 t SRAM_STACK
4a0064dc T sunxi_pre_clean
4a0064dc T sunxi_reset
4a0064ec t _loop_forever
4a0064f4 t display_banner
4a006514 t init_baudrate
4a006568 T __coloured_LED_init
4a006568 W coloured_LED_init
4a00656c T __red_LED_on
4a00656c W red_LED_on
4a006570 T __red_LED_off
4a006570 W red_LED_off
4a006574 T __green_LED_on
4a006574 W green_LED_on
4a006578 T __green_LED_off
4a006578 W green_LED_off
4a00657c T __yellow_LED_on
4a00657c W yellow_LED_on
4a006580 T __yellow_LED_off
4a006580 W yellow_LED_off
4a006584 T __blue_LED_on
4a006584 W blue_LED_on
4a006588 T __blue_LED_off
4a006588 W blue_LED_off
4a00658c T __dram_init_banksize
4a0065a8 T board_init_r
4a0067e8 T hang
4a0067fc T board_init_f
4a006928 t setup_start_tag
4a006960 t setup_memory_tags
4a006998 t setup_commandline_tag.isra.2
4a006a10 T arch_lmb_reserve
4a006a34 T do_bootm_linux
4a006b3c T do_boota_linux
4a006c3c T __flush_cache
4a006c40 T __flush_dcache_all
4a006c4c T __enable_caches
4a006c58 t cp_delay
4a006c88 T __arm_init_before_mmu
4a006c8c t mmu_setup
4a006d18 T icache_enable
4a006d30 T icache_disable
4a006d48 T icache_status
4a006d58 T dcache_enable
4a006d80 T dcache_disable
4a006da4 T dcache_status
4a006db4 T interrupt_init
4a006dd0 T enable_interrupts
4a006dd4 T disable_interrupts
4a006ddc T bad_mode
4a006dec T show_regs
4a006f28 T do_undefined_instruction
4a006f48 T do_software_interrupt
4a006f68 T do_prefetch_abort
4a006f88 T do_data_abort
4a006fa8 T do_not_used
4a006fc8 T do_fiq
4a006fe8 T do_irq
4a007008 T do_reset
4a007038 W do_go_exec
4a007050 T do_go
4a0070c0 T do_boota
4a0071f0 t __fswab32
4a00720c T do_bootd
4a007230 t image_get_size
4a007238 t do_bootm_rtems
4a007270 t do_bootm_netbsd
4a0073a0 t bootm_load_os.isra.8
4a007500 t bootm_start.isra.7
4a007878 T __arch_preboot_os
4a007878 W arch_preboot_os
4a00787c T do_bootm_subcommand
4a007ac0 T do_bootm
4a007d54 T bootm_maybe_autostart
4a007dc8 T do_exit
4a007dfc T do_ext2load
4a008104 T do_ext2ls
4a008230 T do_ext4_ls
4a008244 T do_ext4_load
4a00825c t reset_handler
4a00828c t memparse
4a0082f4 t set_env
4a008328 t save_env
4a008474 t parse_env.constprop.2
4a0086a0 T fastboot_flash_add_ptn
4a0086dc T fastboot_flash_dump_ptn
4a00872c T fastboot_flash_find_ptn
4a0087b0 t rx_handler
4a00933c T fastboot_flash_get_ptn
4a009360 T do_fastboot
4a009990 T fastboot_flash_get_ptn_count
4a0099a0 T do_fat_fsinfo
4a009a78 T do_fat_ls
4a009b80 T do_fat_fsdown
4a009cf0 T do_fat_fsload
4a009e74 T do_help
4a009eb8 T do_mem_base
4a009ef8 T do_mem_mtest
4a00a098 T do_mem_loop
4a00a18c T do_mem_md
4a00a268 T do_mem_crc
4a00a310 T do_mem_cp
4a00a3e4 T do_mem_cmp
4a00a584 T do_mem_mw
4a00a640 t mod_mem.part.4
4a00a794 T do_mem_nm
4a00a7ac T do_mem_mm
4a00a7c4 T do_mmcops
4a00ac04 T do_mmcinfo
4a00ad9c t nand_print_info
4a00adf8 T do_nandboot
4a00b0f8 t str2off
4a00b134 t arg_off_size
4a00b338 T do_nand
4a00bce4 t do_env
4a00bd44 t do_env_delete
4a00bd5c t do_env_import
4a00bfb8 t do_env_default
4a00c000 t env_print
4a00c098 T do_env_print
4a00c11c T get_env_id
4a00c12c T _do_env_set
4a00c4e8 T do_env_set
4a00c504 T setenv
4a00c554 t do_env_export
4a00c76c T envmatch
4a00c7d4 T getenv_f
4a00c8a4 T getenv
4a00c910 T do_sunxi_flash
4a00ca38 T do_false
4a00ca40 T do_true
4a00ca48 T do_test
4a00cec0 T do_version
4a00cef8 T find_cmd_tbl
4a00cf9c T find_cmd
4a00cfc4 T cmd_usage
4a00d020 T _do_help
4a00d1a4 T var_complete
4a00d228 T cmd_auto_complete
4a00d6bc T cmd_get_data_size
4a00d70c t console_setfile
4a00d7ac T serial_printf
4a00d7ec T fgetc
4a00d818 T ftstc
4a00d844 T fputc
4a00d86c T fputs
4a00d894 T fprintf
4a00d8dc T getc
4a00d90c T tstc
4a00d93c T putc
4a00d96c T puts
4a00d99c T printf
4a00d9dc T vprintf
4a00da10 T ctrlc
4a00da60 T disable_ctrlc
4a00da78 T had_ctrlc
4a00da88 T clear_ctrlc
4a00da9c T dbg
4a00daa8 T search_device
4a00dad8 T console_assign
4a00db20 T console_init_f
4a00db30 T stdio_print_current_devices
4a00dbe8 T console_init_r
4a00dcbc T sbrk
4a00dd20 T mem_malloc_init
4a00dd44 T malloc_trim
4a00de08 T free
4a00e02c T cfree
4a00e030 T malloc
4a00e610 T calloc
4a00e6e8 T memalign
4a00e7f4 T pvalloc
4a00e80c T valloc
4a00e818 T realloc
4a00ec24 T malloc_usable_size
4a00ec60 T mallopt
4a00eccc T env_get_addr
4a00ecec T env_get_char_memory
4a00ecfc T env_get_char
4a00ed2c T set_default_env
4a00edd0 T env_import
4a00eea0 T env_relocate
4a00eeb4 T env_complete
4a00ef88 T env_relocate_spec
4a00ef8c T env_get_char_spec
4a00ef98 T env_init
4a00efb0 t dummy
4a00efb4 T get_version
4a00efbc T jumptable_init
4a00f14c t b_reset
4a00f168 t static_get
4a00f184 t static_peek
4a00f190 t file_peek
4a00f19c t syntax_err
4a00f1a8 T do_showvar
4a00f29c t xmalloc
4a00f2bc t free_pipe_list
4a00f3b0 t xrealloc
4a00f3d0 t done_command
4a00f458 t is_assignment
4a00f4ac t file_get
4a00f670 t b_addchr
4a00f6f0 t b_addqchr
4a00f740 T simple_itoa
4a00f798 T get_local_var
4a00f824 t insert_var_value
4a00f958 T set_local_var
4a00fb18 T unset_local_var
4a00fbbc T new_pipe
4a00fbe4 t done_pipe
4a00fc2c T reserved_word
4a00fd84 t done_word
4a00ff00 T mapset
4a00ff28 T update_ifs_map
4a00ff98 T parse_string_outer
4a010088 t run_list_real
4a01084c t parse_stream_outer
4a010e50 T parse_file_outer
4a010e94 T u_boot_hush_start
4a010ee8 t __fswab32
4a010f04 t image_get_magic
4a010f0c t image_get_size
4a010f14 T image_check_hcrc
4a010f64 T image_check_dcrc
4a010fa0 T image_multi_count
4a010fc0 T image_multi_getimg
4a011048 T getenv_yesno
4a011070 T getenv_bootm_low
4a0110a0 T getenv_bootm_size
4a011100 T getenv_bootm_mapsize
4a011130 T memmove_wd
4a01113c T genimg_print_size
4a01116c T get_table_entry_name
4a011198 T genimg_get_os_name
4a0111b0 T genimg_get_arch_name
4a0111c8 T genimg_get_type_name
4a0111e0 T genimg_get_comp_name
4a0111f8 T image_print_contents
4a011370 T get_table_entry_id
4a0113c0 T genimg_get_os_id
4a0113d8 T genimg_get_arch_id
4a0113f0 T genimg_get_type_id
4a011408 T genimg_get_comp_id
4a011420 T genimg_get_format
4a011440 T genimg_get_image
4a011444 T genimg_has_config
4a01144c T boot_get_ramdisk
4a01167c T boot_ramdisk_high
4a0117bc T boot_get_cmdline
4a01183c t delete_char.part.0
4a011910 t cread_add_char
4a0119fc T __show_boot_progress
4a0119fc W show_boot_progress
4a011a00 T main_loop
4a011b04 T readline_into_buffer
4a012428 T readline
4a012444 T parse_line
4a0124c4 T run_command
4a012874 T do_run
4a0128e8 T get_ram_size
4a0129e8 t hex1_bin
4a012a28 t hex2_bin
4a012a60 T srec_decode
4a012cc4 T stdio_get_list
4a012cd0 T stdio_get_by_name
4a012d20 T stdio_clone
4a012d6c T stdio_register
4a012db0 T stdio_init
4a012e38 T CYGACC_COMM_IF_GETC_TIMEOUT
4a012e84 t xyzModem_flush
4a012eac t xyzModem_get_hdr
4a013128 T CYGACC_COMM_IF_PUTC
4a013130 T parse_num
4a013250 T xyzModem_stream_open
4a01339c T xyzModem_stream_read
4a0135f0 T xyzModem_stream_close
4a013640 T xyzModem_stream_terminate
4a0136d4 T xyzModem_error
4a0136f4 T get_dev
4a013758 T dev_print
4a01397c T init_part
4a01399c T print_part
4a013a84 T get_partition_info
4a013ab0 T get_device
4a013b30 T get_device_and_partition
4a013e2c t le32_to_int
4a013e50 t is_extended
4a013e74 t get_partition_info_extended
4a0140c8 t print_partition_extended
4a0142e0 T test_part_dos
4a014344 T print_part_dos
4a014370 T get_partition_info_dos
4a01438c T DMA_Request
4a014410 T DMA_Release
4a014434 T DMA_Setting
4a014548 T DMA_Start
4a01456c T DMA_Stop
4a014584 T DMA_Restart
4a01459c T DMA_QueryStatus
4a0145ac T DMA_QueryChannalNo
4a0145b4 t __fswab32
4a0145d0 T __board_mmc_getcd
4a0145d0 W board_mmc_getcd
4a0145d8 T mmc_send_cmd
4a0145e8 T mmc_send_status
4a0146ac T mmc_set_blocklen
4a0146e0 T find_mmc_device
4a01472c t mmc_berase
4a0148ac t mmc_bwrite
4a014a14 T mmc_read_blocks
4a014af0 t mmc_bread
4a014b8c T mmc_go_idle
4a014bdc T sd_send_op_cond
4a014d2c T mmc_send_op_cond
4a014e80 T mmc_send_ext_csd
4a014ed0 T mmc_switch
4a014f28 T mmc_change_freq
4a014fd8 T mmc_switch_part
4a015014 T sd_switch
4a015080 T sd_change_freq
4a015260 T mmc_set_ios
4a015270 T mmc_set_clock
4a015290 T mmc_set_bus_width
4a015298 T mmc_startup
4a0158c0 T mmc_send_if_cond
4a01593c T mmc_register
4a0159c4 T mmc_get_dev
4a0159d8 T mmc_init
4a015a8c W cpu_mmc_init
4a015a8c t __def_mmc_init
4a015a94 T print_mmc_devices
4a015af8 T get_mmc_num
4a015b08 T mmc_initialize
4a015b5c t mmc_update_clk
4a015bbc t mmc_core_init
4a015bd4 t mmc_send_cmd
4a016130 T ccm_get_pll5_dev_clk
4a01617c T ccm_get_pll6_dev_clk
4a0161b4 T smc_set_card_clk
4a0162c0 t mmc_set_ios
4a016368 T sunxi_mmc_init
4a016570 T nand_init
4a016618 t nand_release_device
4a016630 t nand_read_byte
4a016644 t nand_read_byte16
4a016658 t nand_read_word
4a016668 t nand_write_buf
4a016694 t nand_read_buf
4a0166c0 t nand_verify_buf
4a016704 t nand_write_buf16
4a016738 t nand_read_buf16
4a01676c t nand_verify_buf16
4a0167b4 t nand_block_bad
4a0168a0 t nand_check_wp
4a0168dc t nand_read_page_raw
4a016914 t nand_read_page_raw_syndrome
4a0169e8 t nand_read_page_swecc
4a016af8 t nand_read_subpage
4a016d80 t nand_read_page_hwecc
4a016ec0 t nand_read_page_hwecc_oob_first
4a016ffc t nand_read_page_syndrome
4a017124 t nand_read_oob_std
4a01716c t nand_read_oob_syndrome
4a017274 t nand_write_oob_std
4a0172e4 t nand_write_oob_syndrome
4a017494 t nand_write_page_raw
4a0174c8 t nand_write_page_raw_syndrome
4a017598 t nand_write_page_swecc
4a017648 t nand_write_page_hwecc
4a017710 t nand_write_page_syndrome
4a017804 t single_erase_cmd
4a017840 t multi_erase_cmd
4a0178c8 t nand_sync
4a0178d8 t nand_block_checkbad
4a01795c t nand_block_isbad
4a017990 t nand_block_markbad
4a0179d0 t nand_write_page
4a017a78 t nand_fill_oob
4a017b88 t nand_do_write_oob
4a017d38 t nand_do_write_ops
4a018010 t nand_write_oob
4a0180ac t nand_write
4a018138 t nand_default_block_markbad
4a018230 t nand_wait
4a01830c t generic_ffs.part.0
4a018350 t nand_select_chip
4a0183a8 t nand_transfer_oob
4a0184b8 T nand_wait_ready
4a018504 t nand_do_read_ops
4a0188dc t nand_read_oob
4a018b7c t nand_read
4a018c08 t nand_command
4a018de0 t nand_command_lp
4a019044 T nand_erase_nand
4a019414 t nand_erase
4a01941c T nand_scan_ident
4a019a54 T nand_scan_tail
4a019fd0 T nand_scan
4a019ff4 T nand_release
4a01a01c t check_pattern
4a01a0c0 t scan_read_raw
4a01a108 t create_bbt
4a01a3e4 t search_bbt
4a01a5e0 t read_bbt
4a01a80c t read_abs_bbt
4a01a908 t write_bbt
4a01af4c T nand_update_bbt
4a01b09c t mark_bbt_region
4a01b22c T nand_scan_bbt
4a01b6e0 T nand_default_bbt
4a01b794 T nand_isbad_bbt
4a01b7f4 T nand_calculate_ecc
4a01b8e4 T nand_correct_data
4a01ba0c t nand_block_bad_scrub
4a01ba14 t check_skip_len
4a01baa4 T nand_erase_opts
4a01be20 T nand_write_skip_bad
4a01c014 T nand_read_skip_bad
4a01c200 T board_nand_init
4a01c210 T sunxi_nand_read_opts
4a01c258 T sunxi_nand_write_opts
4a01c2a0 T sunxi_nand_erase_opts
4a01c2a8 T sunxi_nand_flush_opts
4a01c2b8 T NS16550_init
4a01c304 T NS16550_reinit
4a01c354 T NS16550_putc
4a01c368 T NS16550_getc
4a01c380 T NS16550_tstc
4a01c38c t calc_divisor.isra.0
4a01c3b0 T serial_init
4a01c420 T _serial_putc
4a01c458 T _serial_putc_raw
4a01c474 T _serial_puts
4a01c49c T _serial_getc
4a01c4b8 T _serial_tstc
4a01c4cc T _serial_setbrg
4a01c4f4 T serial_putc
4a01c508 T serial_putc_raw
4a01c51c T serial_puts
4a01c530 T serial_getc
4a01c544 T serial_tstc
4a01c558 T serial_setbrg
4a01c56c t sunxi_flash_null_read
4a01c574 t sunxi_flash_null_write
4a01c57c t sunxi_flash_null_get_size
4a01c588 t sunxi_flash_null_exit
4a01c590 t sunxi_flash_mmc_read
4a01c5d4 t sunxi_flash_mmc_write
4a01c618 t sunxi_flash_mmc_get_size
4a01c630 t sunxi_flash_mmc_exit
4a01c638 t sunxi_flash_nand_exit
4a01c63c t sunxi_flash_nand_get_size
4a01c64c t sunxi_flash_nand_write
4a01c684 t sunxi_flash_nand_read
4a01c6bc T sunxi_flash_handle_init
4a01c7d0 t ext2fs_read_inode
4a01c8d0 T ext2fs_free_node
4a01c8f4 T ext2fs_read_file
4a01cd7c t ext2fs_iterate_dir
4a01cff0 T ext2fs_find_file1
4a01d264 T ext2fs_find_file
4a01d2d8 T ext2fs_ls
4a01d350 T ext2fs_open
4a01d3e4 T ext2fs_close
4a01d498 T ext2fs_read
4a01d4d0 T ext2fs_mount
4a01d598 T ext2fs_set_blk_dev
4a01d5ec T ext2fs_devread
4a01d784 T get_fs
4a01d790 T ext4fs_free_node
4a01d7b4 T ext4fs_read_file
4a01da04 T ext4fs_ls
4a01da7c T ext4fs_read
4a01dabc t zalloc
4a01dae8 T ext4fs_read_inode
4a01dbf0 T read_allocated_block
4a01e3c4 T ext4fs_close
4a01e4a0 T ext4fs_iterate_dir
4a01e714 t ext4fs_find_file1
4a01e988 T ext4fs_find_file
4a01e9fc T ext4fs_open
4a01ea90 T ext4fs_mount
4a01eb5c T ext4fs_set_blk_dev
4a01ebb0 T ext4fs_devread
4a01eda0 t dirdelim
4a01edd4 T downcase
4a01edf8 T disk_read
4a01ee44 T fat_register_device
4a01ef54 T get_name
4a01f000 T get_fatent
4a01f158 T get_cluster
4a01f1f8 T get_contents
4a01f380 T slot2str
4a01f448 T get_vfatname
4a01f614 T mkcksum
4a01f644 T read_bootsectandvi
4a01f738 T do_fat_read
4a01ff64 T file_fat_detectfs
4a0200bc T file_fat_ls
4a0200cc T file_fat_read
4a020104 t check_overflow
4a02015c t disk_write
4a0201dc t flush_fat_buffer
4a020224 t get_fatent_value
4a0203a8 t set_fatent_value
4a0204a8 t set_cluster
4a020544 t set_contents
4a020714 t set_name
4a020844 t flush_dir_table.constprop.4
4a02092c t do_fat_write
4a021248 T file_fat_write
4a02127c T file_getfsname
4a021294 T file_cd
4a02148c T file_detectfs
4a0214c8 T file_ls
4a021550 T file_read
4a0215e8 t fs_probe_fat
4a0215f0 t fs_close
4a02161c t fs_probe_ext
4a021658 T fs_set_blk_dev
4a0216fc T fs_ls
4a021744 T fs_read
4a0217f8 T do_load
4a0219d8 T do_ls
4a021a44 T crc7
4a021a6c T cyg_crc16
4a021ab4 T crc32_no_comp
4a021b8c T crc32
4a021ba0 T crc32_wd
4a021ba4 T display_options
4a021bc4 T print_size
4a021cfc T print_buffer
4a021e78 T zfree
4a021e80 T zalloc
4a021e90 T zunzip
4a021f9c T gunzip
4a022048 t cmpkey
4a02205c T hcreate_r
4a022110 T hdestroy_r
4a022188 T hstrstr_r
4a022234 T hmatch_r
4a0222d4 T hsearch_r
4a0225b0 T hdelete_r
4a022638 T hexport_r
4a022858 T himport_r
4a022aa4 t lmb_add_region
4a022c74 T lmb_dump_all
4a022c78 T lmb_init
4a022ca0 T lmb_add
4a022ca4 T lmb_free
4a022db0 T lmb_reserve
4a022db8 T lmb_overlaps_region
4a022e18 T __lmb_alloc_base
4a022f28 T lmb_alloc_base
4a022f5c T lmb_alloc
4a022f64 T lmb_is_reserved
4a022fb4 T __board_lmb_reserve
4a022fb4 W board_lmb_reserve
4a022fb8 T __arch_lmb_reserve
4a022fbc T ldiv
4a02300c T string_to_ip
4a023080 T qsort
4a023160 T strcmp_compar
4a02316c T strmhz
4a0231d8 T __div64_32
4a0232b4 T strcpy
4a0232d0 T strncpy
4a0232f4 T strcat
4a023324 T strncat
4a023378 T strcmp
4a0233a8 T strncmp
4a0233ec T strchr
4a023420 T strlen
4a023440 T strrchr
4a02347c T strnlen
4a0234ac T strdup
4a0234e4 T strspn
4a02352c T strpbrk
4a023568 T strtok
4a0235e4 T strsep
4a023618 T strswab
4a023664 T memset
4a0236d0 T bcopy
4a0236f4 T memcpy
4a02375c T memmove
4a0237bc T memcmp
4a0237f0 T memscan
4a02381c T strstr
4a023880 T memchr
4a0238b0 T udelay
4a0238e0 t string
4a023980 t put_dec
4a023ba0 t number
4a023e04 T simple_strtoul
4a023ec4 T strict_strtoul
4a023f3c T simple_strtol
4a023f64 T ustrtoul
4a023fd4 T simple_strtoull
4a0240c0 T vsprintf
4a02451c T sprintf
4a024540 T panic
4a024584 T __assert_fail
4a024598 T zcfree
4a0245a0 T zcalloc
4a0245a8 T inflate_fast
4a024b38 T inflate_table
4a0250f4 T inflateReset
4a025170 T inflateInit2_
4a025278 T inflateInit_
4a02528c T inflateEnd
4a0252f0 T adler32
4a02563c T inflate
4a026c84 T nand_write_uboot
4a026cb8 T nand_read_uboot
4a026cec T nand_get_dev
4a026d0c T nand_init_uboot
4a026d6c T NAND_PhyRead
4a026d70 T NAND_PhyRead_Seq
4a026d74 T NAND_PhyRead_1K
4a026d78 T NAND_PhyWrite
4a026d7c T NAND_PhyWrite_1K
4a026d80 T NAND_PhyWrite_Seq
4a026d84 T NAND_PhyErase
4a026d88 T NAND_PhyInit
4a026e38 T NAND_PhyExit
4a026e48 T NAND_LogicWrite
4a026e4c T nand_erase_uboot
4a026fd4 T NAND_LogicRead
4a026fd8 T NAND_Init
4a02708c T NAND_Exit
4a0270b0 T NAND_HWScanStart
4a027124 T NAND_HWScanStop
4a027140 T NAND_VersionGet
4a027168 T NAND_VersionCheck
4a0272d8 T NAND_EraseBootBlocks
4a02733c T NAND_EraseChip
4a027730 T NAND_BadBlockScan
4a027ae4 T NAND_RequestDMA
4a027b00 T NAND_ReleaseDMA
4a027b20 T NAND_DMAConfigStart
4a027c08 T NAND_QueryDmaStat
4a027c18 T NAND_WaitDmaFinish
4a027c20 T NAND_ClkRequest
4a027c28 T NAND_ClkRelease
4a027c2c T NAND_AHBEnable
4a027c48 T NAND_AHBDisable
4a027c60 T NAND_ClkEnable
4a027c7c T NAND_ClkDisable
4a027c94 T _GetCmuClk
4a027cc8 T NAND_SetClk
4a027d38 T NAND_GetClk
4a027d60 T NAND_PIORequest
4a027d8c T NAND_PIORelease
4a027d90 T NAND_Malloc
4a027d94 T NAND_Free
4a027d98 T OSAL_IrqUnLock
4a027d9c T OSAL_IrqLock
4a027da0 T NAND_WaitRbReady
4a027da8 T NAND_IORemap
4a027dac T NAND_Print
4a027dcc t _calc_crc32.constprop.0
4a027e6c T sunxi_nand_getpart_num
4a027e94 T sunxi_nand_getpart_name
4a027ebc T sunxi_nand_getpart_offset
4a027f18 T sunxi_nand_getpart_size
4a027f74 T sunxi_nand_getpart_offset_byname
4a028004 T sunxi_nand_getpart_size_byname
4a028094 T sunxi_nand_getpart_info_byname
4a02814c T sunxi_nand_scan_partition
4a028308 t _GetFreeBlkFromDieInfo
4a02837c T _CalculatePhyOpPar
4a0284b4 t _VirtualBlockErase
4a028568 t _VirtualPageWrite
4a028760 t _WriteBadBlkFlag
4a0288e8 t _VirtualPageRead
4a028aa0 t _GetLastUsedPage
4a028c2c t _MergeDataBlkToFreeBlk
4a028d44 T FMT_Init
4a028ed8 T FMT_Exit
4a028ee0 T FMT_FormatNand
4a02a818 T ClearNandStruct
4a02a82c t _CalculateSectPar
4a02a9cc t _MergeCachePageData
4a02aaa8 T LML_CalculatePhyOpPar
4a02abe0 t _CloseWritePage
4a02ac9c T LML_VirtualPageRead
4a02ae44 T LML_VirtualPageWrite
4a02b038 T LML_VirtualBlkErase
4a02b100 T LML_PageRead
4a02b2f8 T LML_PageWrite
4a02b698 t _WritePageCacheToNand
4a02b7ac T LML_FlushPageCache
4a02b7ec T LML_Read
4a02baa8 T LML_Write
4a02bd18 T LML_Init
4a02beac T LML_Exit
4a02bf10 T NAND_GetDiskSize
4a02bf58 T NAND_SetPartInfo
4a02c0a0 t _GetTblCheckSum
4a02c0c4 t _write_back_page_map_tbl
4a02c364 t _write_back_block_map_tbl
4a02c754 T dump
4a02c7f8 T PMM_InitMapTblCache
4a02c880 T PMM_ExitMapTblCache
4a02c8c4 T BMM_InitMapTblCache
4a02c9cc T BMM_ExitMapTblCache
4a02ca20 T BMM_SwitchMapTbl
4a02cd44 T BMM_WriteBackAllMapTbl
4a02cdd4 T BMM_SetDirtyFlag
4a02ce90 T PMM_SwitchMapTbl
4a02d2e8 t _CalLogAccessCnt
4a02d350 t _GetLogBlkPst
4a02d394 T BMM_GetDataBlk
4a02d404 T BMM_SetDataBlk
4a02d484 T BMM_GetFreeBlk
4a02d598 t _GetLogPageForWrite
4a02db68 T BMM_SetFreeBlk
4a02dbe0 T BMM_GetLogBlk
4a02dc6c T BMM_SetLogBlk
4a02dcd4 T PMM_GetLogPage
4a02de14 T PMM_ClearCurMapTbl
4a02de44 T PMM_GetCurMapPage
4a02de64 T PMM_SetCurMapPage
4a02de84 T _copy_page0
4a02e00c T _log2data_swap_merge
4a02e1c4 T _free2log_move_merge
4a02e6d8 T _free2data_simple_merge
4a02e978 T _get_page_map_tbl_info
4a02ea14 T LML_MergeLogBlk
4a02eaa0 T LML_ReadReclaim
4a02eb98 T _cal_block_in_chip
4a02ec48 T _read_single_page_seq
4a02ee48 T _read_single_page_1K
4a02f02c T _read_single_page_spare
4a02f634 T PHY_SimpleRead_Seq
4a02f63c T PHY_SimpleRead_1K
4a02f644 T PHY_BlockErase
4a02f7dc T _read_sectors
4a02fd34 T _two_plane_read
4a02ff9c T PHY_PageRead
4a0301e8 T _cal_addr_in_chip_for_spare
4a0302ac T _read_sectors_for_spare
4a030a8c T PHY_PageReadSpare
4a030cb4 T PHY_FreePageCheck
4a030d84 T PHY_PageWrite
4a030fa0 T _single_copy_back
4a03116c T _multi_copy_back
4a0314dc T PHY_PageCopyback
4a03160c T PHY_ScanDDRParam
4a03173c T PHY_ReadNandUniqueId
4a031818 T _add_cmd_list
4a031850 T _cal_addr_in_chip
4a031910 T _cal_real_chip
4a031a14 T _cal_real_rb
4a031a98 T _read_status
4a031b24 T _wait_rb_ready
4a031b5c T _wait_rb_ready_int
4a031b94 T _pending_dma_irq_sem
4a031b98 T _random_seed_init
4a031b9c T _cal_random_seed
4a031bb4 T PHY_Init
4a031c24 T PHY_GetDefaultParam
4a031eac T PHY_SetDefaultParam
4a031ef0 T PHY_ChangeMode
4a031ff0 T PHY_Exit
4a0320d0 T PHY_ResetChip
4a0321a4 T _read_single_page
4a0326a8 T PHY_ReadNandId
4a032718 T PHY_CheckWp
4a03276c T _pending_rb_irq_sem
4a032770 T _do_irq
4a032774 T PHY_SimpleRead
4a03277c T PHY_SynchBank
4a0328fc T _write_signle_page
4a032ab4 T _write_signle_page_seq
4a032c6c T _write_signle_page_1K
4a032ddc T _erase_single_block
4a032ea0 T PHY_SimpleWrite
4a032f24 T PHY_SimpleWrite_Seq
4a032fa8 T PHY_SimpleWrite_1K
4a03302c T PHY_SimpleErase
4a033098 T nand_calc_crc32
4a033138 T _get_mbr
4a0331c8 T _free_mbr
4a0331f8 T mbr2disks
4a033254 T NAND_PartInit
4a033430 T NAND_GetPageSize
4a033444 T NAND_GetLogicPageSize
4a033460 T NAND_GetPageCntPerBlk
4a033470 T NAND_GetBlkCntPerChip
4a033488 T NAND_GetChipCnt
4a033498 T NAND_GetChipConnect
4a0334a8 T NAND_GetBadBlockFlagPos
4a0334b0 T NAND_GetReadRetryType
4a0334c0 T NAND_GetValidBlkRatio
4a0334d0 T NAND_SetValidBlkRatio
4a0334ec T NAND_GetFrequencePar
4a0334fc T NAND_SetFrequencePar
4a033514 T NAND_GetNandVersion
4a033520 T NAND_GetParam
4a0335d8 T NAND_GetFlashInfo
4a03361c T _SearchNandArchi
4a0337d8 T SCN_AnalyzeNandSystem
4a033c2c t _MarkBadBlk
4a033d5c T LML_BadBlkManage
4a033ed0 T NFC_InitDDRParam
4a033ee4 T nfc_repeat_mode_enable
4a033f0c T nfc_repeat_mode_disable
4a033f34 T _wait_cmdfifo_free
4a033f90 T _wait_cmd_finish
4a034000 T _dma_config_start
4a034004 T _wait_dma_end
4a03405c T _reset
4a0340c4 T _check_ecc
4a034194 T _disable_ecc
4a0341b0 T _enable_ecc
4a0341e4 T _enter_nand_critical
4a0341ec T _exit_nand_critical
4a0341f4 T _set_addr
4a03424c T _read_in_page_mode
4a034380 T NFC_Read
4a0343a4 T nfc_set_cmd_register
4a034448 T NFC_SetRandomSeed
4a034470 T NFC_RandomEnable
4a034490 T NFC_RandomDisable
4a0344b0 T NFC_GetId
4a034514 T NFC_GetStatus
4a034560 T NFC_ResetChip
4a034584 T NFC_SelectChip
4a0345bc T NFC_SelectRb
4a0345e4 T NFC_DeSelectChip
4a0345ec T NFC_DeSelectRb
4a0345f4 T NFC_CheckRbReady
4a03461c T NFC_ChangMode
4a03472c T NFC_SetEccMode
4a034754 T NFC_Init
4a03480c T NFC_Exit
4a034840 T _vender_get_param
4a0348e4 T _vender_set_param
4a034b90 T _vender_pre_condition
4a034c2c T _vender_get_param_otp_hynix
4a034ef4 T NFC_ReadRetry
4a03525c T NFC_ReadRetryInit
4a03560c T NFC_GetOTPValue
4a035648 T NFC_GetDefaultParam
4a035754 T NFC_SetDefaultParam
4a03594c T NFC_ReadRetry_off
4a03599c T NFC_ReadRetryExit
4a0359a4 T NFC_RbIntEnable
4a0359c0 T NFC_RbIntDisable
4a0359dc T NFC_RbIntClearStatus
4a0359f4 T NFC_RbIntGetStatus
4a035a0c T NFC_RbIntOccur
4a035a2c T NFC_GetRbSelect
4a035a48 T NFC_GetRbStatus
4a035a84 T NFC_DmaIntEnable
4a035aa0 T NFC_DmaIntDisable
4a035abc T NFC_DmaIntClearStatus
4a035ad4 T NFC_DmaIntGetStatus
4a035aec T NFC_DmaIntOccur
4a035b10 T _wait_twb
4a035b14 T NFC_GetUniqueId
4a035b80 T NFC_Write
4a035cc4 T NFC_Write_Seq
4a035e54 T NFC_Write_1K
4a035fd8 T NFC_Erase
4a036010 T NFC_CopyBackRead
4a036048 T NFC_CopyBackWrite
4a036080 T _read_in_page_mode_seq
4a036214 T _read_in_page_mode_1K
4a036388 T _read_in_page_mode_spare
4a0364ac T NFC_Read_Seq
4a036500 T NFC_Read_1K
4a036554 T NFC_Read_Spare
4a0365a8 T NFC_LSBInit
4a0366c4 T LSB_GetDefaultParam
4a03670c T LSB_SetDefaultParam
4a036724 T NFC_LSBEnable
4a036780 T NFC_LSBDisable
4a03679c T NFC_LSBExit
4a036820 T fastboot_flash_partition_init
4a036a50 T fastboot_partition_init
4a036a54 T android_misc_flash_check
4a036c20 T check_android_misc
4a036c24 T set_boot_type_arg
4a036c50 T board_init
4a036c80 T board_late_init
4a036c98 T dram_init_banksize
4a036cfc T dram_init
4a036d1c T board_mmc_init
4a036d38 T mmc_get_env_addr
4a036d58 T checkboard
4a036d70 T raise
4a036d8c T __aeabi_unwind_cpp_pr0
4a036d90 T __udivsi3
4a036d90 t .udivsi3_skip_div0_test
4a036d90 t __aeabi_uidiv
4a036fec t __aeabi_uidivmod
4a037008 T __divsi3
4a037008 t __aeabi_idiv
4a03700e t .divsi3_skip_div0_test
4a03729c t __aeabi_idivmod
4a0372b8 T __lshrdi3
4a0372b8 t __aeabi_llsr
4a0372d0 T __ashrdi3
4a0372d0 t __aeabi_lasr
4a0372ec T __ashldi3
4a0372ec t __aeabi_llsl
4a037304 W __aeabi_ldiv0
4a037304 t __aeabi_idiv0
4a037390 r boot_os
4a037414 r __func__.5867
4a037424 r baudrate_table
4a037438 r __func__.5833
4a037448 V version_string
4a03749f r CSWTCH.39
4a0374b5 R default_environment
4a0378e2 r __func__.5577
4a0378f2 r __func__.5584
4a037900 r uimage_os
4a037954 r uimage_arch
4a037a38 r uimage_type
4a037b04 r uimage_comp
4a037b4c r erase_seq
4a037b50 r tab_seq
4a037b5c r CSWTCH.26
4a037b7c r block_drvr
4a037b94 r multipliers
4a037bd4 r fbase
4a037be4 r default_nand_name
4a037be9 r __FUNCTION__.6782
4a037bf7 r __FUNCTION__.6204
4a037c08 r __FUNCTION__.6545
4a037c1a r __func__.6917
4a037c2e r __FUNCTION__.6950
4a037c3d r nand_ecc_precalc_table
4a037d40 R nand_manuf_ids
4a037d90 R nand_flash_ids
4a0381f8 r serial_ports
4a038208 r filesystems
4a038220 r fstypes
4a038230 R crc7_syndrome_table
4a038330 r crc16_tab
4a038530 r crc_table
4a038930 r names.5546
4a038936 R _ctype
4a038a36 r digits.5534
4a038a46 R hex_asc
4a038a58 r lext.5773
4a038a96 r lbase.5772
4a038ad4 r dext.5775
4a038b14 r dbase.5774
4a038b54 r lenfix
4a039354 r distfix
4a0393d4 r order.5868
4a0393fc R z_errmsg
4a039424 r CSWTCH.5
4a039427 r CSWTCH.7
4a03942e R random_seed
4a039538 R param0x30low
4a039578 R param0x30high
4a0395c8 R para0
4a0395f8 R para1
4a039628 R para0x10
4a039632 R para0x20
4a0396aa R param0x40
4a0396be R param0x50
4a0396cc r __func__.5537
4a0396e2 r CSWTCH.28
4a0396e5 r CSWTCH.13
4a0396e8 r CSWTCH.34
4a0396eb r CSWTCH.52
4a0396ee r __func__.5494
4a0396fd r __func__.5620
4a03970c r __FUNCTION__.6110
4a03971e r __FUNCTION__.6117
4a039730 r __FUNCTION__.6062
4a039739 r __FUNCTION__.5951
4a03974f r __FUNCTION__.5875
4a042810 D mmc_card_no
4a042814 d script_mod_buf
4a042818 d script_main_key_count
4a04281c D init_sequence
4a042844 d cmd_bootm_sub
4a042908 d interface
4a042928 d static_pcount
4a04292c d dp_last_length
4a042930 d curr_device
4a042934 d cmd_env_sub
4a0429f8 d env_id
4a0429fc D load_addr
4a042a00 d av_
4a042e08 d sbrk_base
4a042e0c d trim_threshold
4a042e10 d mmap_threshold
4a042e14 d reserved_list
4a042e98 d hist_cur
4a042e9c D stdio_names
4a042ea8 D dma_channal
4a042fa8 d cur_dev_num
4a042fac D nand_curr_device
4a042fb0 d nand_oob_8
4a0431f8 d nand_oob_16
4a043440 d nand_oob_64
4a043688 d nand_oob_128
4a0438d0 d largepage_flashbased
4a0438f4 d smallpage_flashbased
4a043918 d largepage_memorybased
4a04393c d smallpage_memorybased
4a043960 d bbt_main_descr
4a043984 d bbt_mirror_descr
4a0439a8 d agand_flashbased
4a0439cc d bbt_pattern
4a0439d0 d mirror_pattern
4a0439d4 d scan_agand_pattern
4a0439da d scan_ff_pattern
4a0439dc D indir1_blkno
4a0439e0 D indir2_blkno
4a0439e4 D ext4fs_indir1_blkno
4a0439e8 D ext4fs_indir2_blkno
4a0439ec D ext4fs_indir3_blkno
4a0439f0 d cur_part
4a0439f4 D file_cwd
4a043bf4 d current_filesystem
4a043bf8 D blks_array
4a043c40 D DefaultNandTbl
4a043c68 D SandiskNandTbl
4a043d08 D PowerNandTbl
4a043d58 D SpansionNandTbl
4a043df8 D StNandTbl
4a043f88 D IntelNandTbl
4a044118 D MicronNandTbl
4a0444b0 D ToshibaNandTbl
4a044820 D HynixNandTbl
4a044de8 D SamsungNandTbl
4a045360 d DefualtPhysicArchiPara
4a045370 d PhysicArchiPara0
4a045380 d PhysicArchiPara2
4a045390 d PhysicArchiPara4
4a0453a0 d PhysicArchiPara5
4a0453b0 d PhysicArchiPara6
4a0453c0 d PhysicArchiPara7
4a0453d0 d PhysicArchiPara8
4a0453e0 d PhysicArchiPara9
4a0453f0 d PhysicArchiPara3
4a045400 d PhysicArchiPara1
4a04541c A __u_boot_cmd_start
4a04541c D __u_boot_cmd_key_test
4a045438 D __u_boot_cmd_reset
4a045454 D __u_boot_cmd_go
4a045470 D __u_boot_cmd_boota
4a04548c D __u_boot_cmd_bootd
4a0454a8 D __u_boot_cmd_boot
4a0454c4 D __u_boot_cmd_bootm
4a0454e0 D __u_boot_cmd_exit
4a0454fc D __u_boot_cmd_ext2load
4a045518 D __u_boot_cmd_ext2ls
4a045534 D __u_boot_cmd_ext4load
4a045550 D __u_boot_cmd_ext4ls
4a04556c D __u_boot_cmd_fastboot
4a045588 D __u_boot_cmd_fatinfo
4a0455a4 D __u_boot_cmd_fatls
4a0455c0 D __u_boot_cmd_fatdown
4a0455dc D __u_boot_cmd_fatload
4a0455f8 D __u_boot_cmd_question_mark
4a045614 D __u_boot_cmd_help
4a045630 D __u_boot_cmd_mtest
4a04564c D __u_boot_cmd_loop
4a045668 D __u_boot_cmd_base
4a045684 D __u_boot_cmd_crc32
4a0456a0 D __u_boot_cmd_cmp
4a0456bc D __u_boot_cmd_cp
4a0456d8 D __u_boot_cmd_mw
4a0456f4 D __u_boot_cmd_nm
4a045710 D __u_boot_cmd_mm
4a04572c D __u_boot_cmd_md
4a045748 D __u_boot_cmd_mmc
4a045764 D __u_boot_cmd_mmcinfo
4a045780 D __u_boot_cmd_nboot
4a04579c D __u_boot_cmd_nand
4a0457b8 D __u_boot_cmd_run
4a0457d4 D __u_boot_cmd_setenv
4a0457f0 D __u_boot_cmd_printenv
4a04580c D __u_boot_cmd_env
4a045828 D __u_boot_cmd_sunxi_flash
4a045844 D __u_boot_cmd_true
4a045860 D __u_boot_cmd_false
4a04587c D __u_boot_cmd_test
4a045898 D __u_boot_cmd_version
4a0458b4 D __u_boot_cmd_showvar
4a0458d0 A __image_copy_end
4a0458d0 A __u_boot_cmd_end
4a0458d0 B __bss_start
4a0458d0 B uart_console
4a0458d0 R __rel_dyn_start
4a0458d4 B storage_type
4a0458d8 b udc
4a045900 b set_address
4a045904 b fastboot_fifo_ep0
4a045944 b device_strings
4a04595c b fastboot_interface
4a045960 b deferred_rx
4a045964 b fastboot_fifo_bulk_ep
4a045b64 b mbr_buf
4a049b64 B irq_vector
4a049d38 b usbc_info_g
4a049d50 b usbc_otg_array
4a049dd0 b usbc_base_address
4a049ddc B monitor_flash_len
4a049de0 b params
4a049de8 b boot_hdr
4a049fe8 b images
4a04a114 b download_size
4a04a118 b download_bytes
4a04a11c b download_bytes_unpadded
4a04a120 b download_error
4a04a124 b continue_booting
4a04a128 b upload_size
4a04a12c b upload_bytes
4a04a130 b upload_error
4a04a134 b pcount
4a04a138 b ptable
4a04a3f8 b base_address
4a04a3fc b dp_last_addr
4a04a400 b dp_last_size
4a04a404 b mm_last_addr
4a04a408 b mm_last_size
4a04a410 b last.6398
4a04a418 b tmp_buf.5486
4a04a618 b tmp_buf
4a04a718 b ctrlc_disabled
4a04a71c b ctrlc_was_pressed
4a04a720 B mem_malloc_brk
4a04a724 B mem_malloc_start
4a04a728 B mem_malloc_end
4a04a72c b current_mallinfo
4a04a754 b top_pad
4a04a758 b max_sbrked_mem
4a04a75c b max_total_mem
4a04a760 b n_mmaps_max
4a04a764 B env_htab
4a04a770 B env_ptr
4a04a774 b top_vars
4a04a778 b flag_repeat
4a04a77c b do_repeat
4a04a780 b the_command.5700
4a04a880 b local.5684
4a04a896 b buf.5898
4a04a8c0 B last_return_code
4a04a8c4 b map
4a04a9c4 b ifs
4a04a9c8 B nesting_level
4a04a9cc b initted.5698
4a04a9d0 b hist_max
4a04a9d4 b hist_add_idx
4a04a9d8 B hist_num
4a04a9dc B hist_lines
4a04b690 R __dynsym_start
4a04b690 R __rel_dyn_end
4a04b750 A _end
4a04bdf0 B hist_list
4a04be40 B console_buffer
4a04bf44 b devs
4a04bf80 B stdio_devices
4a04bf8c b xyz
4a04c3c8 b mmc_devices
4a04c3d0 B mmc_host
4a04c450 B mmc_dev
4a04c8d0 B nand_info
4a04c978 b nand_chip
4a04ca98 b mmc
4a04ca9c B sunxi_flash_read
4a04caa0 B sunxi_flash_write
4a04caa4 B sunxi_flash_get_size
4a04caa8 B sunxi_flash_exit
4a04caac b inode_size
4a04cab0 B ext2fs_root
4a04cab4 B indir1_block
4a04cab8 B indir1_size
4a04cabc B indir2_block
4a04cac0 B indir2_size
4a04cac4 B symlinknest
4a04cac8 B ext2fs_file
4a04cacc b ext2fs_block_dev_desc
4a04cad0 b part_info
4a04cb20 B ext_fs
4a04cb68 B ext4fs_symlinknest
4a04cb70 B ext4fs_root
4a04cb74 B ext4fs_indir1_block
4a04cb78 B ext4fs_indir1_size
4a04cb7c B ext4fs_indir2_block
4a04cb80 B ext4fs_indir2_size
4a04cb84 B ext4fs_indir3_block
4a04cb88 B ext4fs_indir3_size
4a04cb8c B ext4fs_file
4a04cb90 b symlinknest
4a04cb94 B g_parent_inode
4a04cb98 b ext4fs_block_dev_desc
4a04cb9c b part_info
4a04cba0 B cur_dev
4a04cba4 B part_offset
4a04cba8 B get_vfatname_block
4a05cba8 B do_fat_read_block
4a06cba8 B get_dentfromdir_block
4a07cba8 b total_sector
4a07cbac b dir_curclust
4a07cbb0 b empty_dentptr
4a07cbb4 b fs_type
4a07cbb8 b fs_dev_desc
4a07cbbc b fs_partition
4a07cc0c B errno
4a07cc10 B ___strtok
4a07cc14 b nand_blk_dev
4a07cc84 B hDMA
4a07cc88 B BOOTFSMBR_buf
4a080c88 b SuperBlkCntOfDie
4a080c8c B DIE0_FIRST_BLK_NUM
4a080c90 B DieCntOfNand
4a080c98 B NandDriverInfo
4a080cb0 b CachePage
4a080cc0 b LogicalCtl
4a080cd4 B NandPartInfo
4a080e14 B nand_part_cnt
4a080e18 B nand_disk_array
4a080f08 B ZoneTblPstInfo
4a080f88 B LogicArchiPar
4a080f90 B PageMapTblCachePool
4a080fc4 B BlkMapTblCachePool
4a08103c B NandStorageInfo
4a081098 B RetryCount
4a0810b8 B PageCachePool
4a0810cc B mbr
4a0810d0 B part_secur
4a081120 B ddr_param
4a081140 B nand_io_base
4a081144 B pagesize
4a081148 B read_retry_mode
4a081149 B read_retry_cycle
4a08114a B read_retry_reg_num
4a08114b B read_retry_default_val
4a0811cc B read_retry_val
4a08144c B read_retry_reg_adr
4a08145c B hynix_read_retry_otp_value
4a08165c B irq_value
4a081660 B nand_board_version
4a081664 B lsb_mode_reg_num
4a081665 B lsb_mode_reg_adr
4a08166d B lsb_mode_val
4a081675 B lsb_mode_default_val
4a08167d b misc_message
4a081ac0 B __bss_end__
