nand_base.c:146:13:nand_release_device	8	static
nand_base.c:160:9:nand_read_byte	0	static
nand_base.c:174:16:nand_read_byte16	0	static
nand_base.c:186:12:nand_read_word	0	static
nand_base.c:223:6:nand_write_buf	8	static
nand_base.c:240:6:nand_read_buf	0	static
nand_base.c:257:12:nand_verify_buf	8	static
nand_base.c:276:6:nand_write_buf16	8	static
nand_base.c:296:6:nand_read_buf16	8	static
nand_base.c:315:12:nand_verify_buf16	8	static
nand_base.c:479:12:nand_check_wp	16	static
nand_base.c:855:12:nand_read_page_raw_syndrome	32	static
nand_base.c:897:12:nand_read_page_swecc	56	static
nand_base.c:939:12:nand_read_subpage	48	static
nand_base.c:1031:12:nand_read_page_hwecc	48	static
nand_base.c:1081:12:nand_read_page_hwecc_oob_first	40	static
nand_base.c:1127:12:nand_read_page_syndrome	32	static
nand_base.c:1381:12:nand_read_oob_std	16	static
nand_base.c:1396:12:nand_read_oob_syndrome	48	static
nand_base.c:1433:12:nand_write_oob_std	24	static
nand_base.c:1457:12:nand_write_oob_syndrome	64	static
nand_base.c:1674:12:nand_write_page_raw_syndrome	32	static
nand_base.c:1714:12:nand_write_page_swecc	48	static
nand_base.c:1741:12:nand_write_page_hwecc	40	static
nand_base.c:1775:12:nand_write_page_syndrome	32	static
nand_base.c:2205:13:single_erase_cmd	16	static
nand_base.c:2220:13:multi_erase_cmd	16	static
nand_base.c:2413:13:nand_sync	0	static
nand_base.c:2463:12:nand_onfi_set_features	16	static
nand_base.c:337:12:nand_block_bad	32	static
nand_base.c:502:12:nand_block_checkbad	40	static
nand_base.c:2430:12:nand_block_isbad	16	static
nand_base.c:2440:12:nand_block_markbad	24	static
nand_base.c:2486:12:nand_onfi_get_features	24	static
nand_base.c:1884:17:nand_fill_oob	24	static
nand_base.c:2081:12:nand_do_write_oob	56	static
nand_base.c:1943:12:nand_do_write_ops	96	static
nand_base.c:2161:12:nand_write_oob	32	static
nand_base.c:2055:12:nand_write	56	static
nand_base.c:785:12:nand_wait	24	static
bitops.h:12:19:0	0	static
nand_base.c:836:12:nand_read_page_raw	16	static
nand_base.c:1655:12:nand_write_page_raw	16	static
nand_base.c:1823:12:nand_write_page	32	static
nand_base.c:199:13:nand_select_chip	8	static
nand_base.c:1179:17:nand_transfer_oob	24	static
nand_base.c:1228:12:nand_do_read_ops	96	static
nand_base.c:1608:12:nand_read_oob	88	static
nand_base.c:1357:12:nand_read	56	static
nand_base.c:520:6:nand_wait_ready	16	static
nand_base.c:546:13:nand_command	24	static
nand_base.c:649:13:nand_command_lp	32	static
nand_base.c:2252:5:nand_erase_nand	72	static
nand_base.c:2238:12:nand_erase	0	static
nand_base.c:402:12:nand_default_block_markbad	160	static
nand_base.c:3047:5:nand_scan_ident	56	static
nand_base.c:3104:5:nand_scan_tail	24	static
nand_base.c:3393:5:nand_scan	8	static
nand_base.c:3407:6:nand_release	8	static
