console.c:98:12:console_setfile	16	static
console.c:255:5:serial_printf	400	static
console.c:273:5:fgetc	8	static
console.c:304:5:ftstc	8	static
console.c:312:6:fputc	8	static
console.c:318:6:fputs	8	static
console.c:324:5:fprintf	404	static
console.c:345:5:getc	0	static
console.c:364:5:tstc	0	static
console.c:416:6:putc	0	static
console.c:440:6:puts	8	static
console.c:464:5:printf	400	static
console.c:488:5:vprintf	392	static
console.c:511:5:ctrlc	8	static
console.c:530:5:disable_ctrlc	0	static
console.c:538:5:had_ctrlc	0	static
console.c:543:6:clear_ctrlc	0	static
console.c:581:13:dbg	0	static
console.c:588:19:search_device	8	static
console.c:600:5:console_assign	8	static
console.c:629:5:console_init_f	0	static
console.c:643:6:stdio_print_current_devices	8	static
console.c:759:5:console_init_r	16	static
