serial.c:348:30:get_current	8	static
serial.c:33:13:serial_null	0	static
serial.c:175:6:serial_register	0	static
serial.c:269:6:serial_stdio_init	80	static
serial.c:305:5:serial_assign	16	static
serial.c:207:6:serial_initialize	8	static
serial.c:325:6:serial_reinit_all	8	static
serial.c:382:5:serial_init	8	static
serial.c:397:6:serial_setbrg	8	static
serial.c:413:5:serial_getc	8	static
serial.c:428:5:serial_tstc	8	static
serial.c:444:6:serial_putc	8	static
serial.c:462:6:serial_puts	8	static
serial.c:479:6:default_serial_puts	16	static
