vsprintf.c:206:14:put_dec_trunc	20	static
vsprintf.c:284:23:put_dec	40	static
vsprintf.c:416:14:0	16	static
vsprintf.c:317:14:4	120	static
vsprintf.c:562:12:6	112	static
vsprintf.c:42:15:simple_strtoul	20	static
vsprintf.c:74:5:strict_strtoul	32	static
vsprintf.c:98:6:simple_strtol	8	static
vsprintf.c:106:15:ustrtoul	8	static
vsprintf.c:152:20:simple_strtoull	32	static
vsprintf.c:129:20:ustrtoull	8	static
vsprintf.c:819:5:vsprintf	0	static
vsprintf.c:824:5:sprintf	12	static
vsprintf.c:835:6:panic	16	static
vsprintf.c:852:6:__assert_fail	16	static
vsprintf.c:860:7:simple_itoa	16	static
vsprintf.c:875:6:print_grouped_ull	48	static
