Archive member included because of file (symbol)

/usr/lib/gcc/arm-linux-gnueabihf/4.7/libgcc.a(_udivsi3.o)
                              arch/arm/cpu/armv7/sunxi/libsunxi.o (__aeabi_uidiv)
/usr/lib/gcc/arm-linux-gnueabihf/4.7/libgcc.a(_divsi3.o)
                              arch/arm/cpu/armv7/sunxi/libsunxi.o (__aeabi_idiv)
/usr/lib/gcc/arm-linux-gnueabihf/4.7/libgcc.a(_lshrdi3.o)
                              lib/libgeneric.o (__aeabi_llsr)
/usr/lib/gcc/arm-linux-gnueabihf/4.7/libgcc.a(_ashldi3.o)
                              drivers/mmc/libmmc.o (__aeabi_llsl)
/usr/lib/gcc/arm-linux-gnueabihf/4.7/libgcc.a(_dvmd_lnx.o)
                              /usr/lib/gcc/arm-linux-gnueabihf/4.7/libgcc.a(_udivsi3.o) (__aeabi_idiv0)

Discarded input sections

 .data          0x0000000000000000        0x0 arch/arm/cpu/armv7/start.o
 .bss           0x0000000000000000        0x0 arch/arm/cpu/armv7/start.o
 .text.v7_dcache_inval_range
                0x0000000000000000       0x4c arch/arm/cpu/armv7/libarmv7.o
 .text.__v7_outer_cache_enable
                0x0000000000000000        0x2 arch/arm/cpu/armv7/libarmv7.o
 .text.arm_init_before_mmu
                0x0000000000000000       0x22 arch/arm/cpu/armv7/libarmv7.o
 .text.__v7_outer_cache_flush_range
                0x0000000000000000        0x2 arch/arm/cpu/armv7/libarmv7.o
 .text.flush_dcache_range
                0x0000000000000000       0x2a arch/arm/cpu/armv7/libarmv7.o
 .text.flush_cache
                0x0000000000000000        0x6 arch/arm/cpu/armv7/libarmv7.o
 .text.mmu_page_table_flush
                0x0000000000000000       0x1e arch/arm/cpu/armv7/libarmv7.o
 .text.__v7_outer_cache_inval_range
                0x0000000000000000        0x2 arch/arm/cpu/armv7/libarmv7.o
 .text.invalidate_dcache_range
                0x0000000000000000       0x2c arch/arm/cpu/armv7/libarmv7.o
 .text.wait_on_value
                0x0000000000000000       0x1a arch/arm/cpu/armv7/libarmv7.o
 .text.do_go_exec
                0x0000000000000000       0x14 arch/arm/cpu/armv7/libarmv7.o
 .rodata.__func__.6053
                0x0000000000000000       0x16 arch/arm/cpu/armv7/libarmv7.o
 .rodata.str1.1
                0x0000000000000000       0x65 arch/arm/cpu/armv7/libarmv7.o
 .data          0x0000000000000000        0x0 arch/arm/cpu/armv7/libarmv7.o
 .bss           0x0000000000000000        0x0 arch/arm/cpu/armv7/libarmv7.o
 .text          0x0000000000000000        0x0 arch/arm/cpu/armv7/sunxi/libsunxi.o
 .text.get_ticks
                0x0000000000000000        0xa arch/arm/cpu/armv7/sunxi/libsunxi.o
 .text.get_tbclk
                0x0000000000000000        0x6 arch/arm/cpu/armv7/sunxi/libsunxi.o
 .text.reset_cpu
                0x0000000000000000        0xe arch/arm/cpu/armv7/sunxi/libsunxi.o
 .text.enable_caches
                0x0000000000000000        0x4 arch/arm/cpu/armv7/sunxi/libsunxi.o
 .text.cpu_eth_init
                0x0000000000000000        0xa arch/arm/cpu/armv7/sunxi/libsunxi.o
 .text.sunxi_gpio_get_cfgpin
                0x0000000000000000       0x26 arch/arm/cpu/armv7/sunxi/libsunxi.o
 .text.watchdog_set
                0x0000000000000000       0x2c arch/arm/cpu/armv7/sunxi/libsunxi.o
 .text.calc_crc32.constprop.0
                0x0000000000000000       0x6c arch/arm/cpu/armv7/sunxi/libsunxi.o
 .text.sunxi_partition_get_total_num
                0x0000000000000000        0xc arch/arm/cpu/armv7/sunxi/libsunxi.o
 .text.sunxi_partition_get_name
                0x0000000000000000       0x1c arch/arm/cpu/armv7/sunxi/libsunxi.o
 .text.sunxi_partition_get_offset
                0x0000000000000000       0x28 arch/arm/cpu/armv7/sunxi/libsunxi.o
 .text.sunxi_partition_get_size
                0x0000000000000000       0x28 arch/arm/cpu/armv7/sunxi/libsunxi.o
 .text.sunxi_partition_get_offset_byname
                0x0000000000000000       0x40 arch/arm/cpu/armv7/sunxi/libsunxi.o
 .text.sunxi_partition_get_size_byname
                0x0000000000000000       0x40 arch/arm/cpu/armv7/sunxi/libsunxi.o
 .text.sunxi_partition_get_info_byname
                0x0000000000000000       0x4c arch/arm/cpu/armv7/sunxi/libsunxi.o
 .text.sunxi_partition_init
                0x0000000000000000       0xc4 arch/arm/cpu/armv7/sunxi/libsunxi.o
 .text._test_str_length
                0x0000000000000000       0x18 arch/arm/cpu/armv7/sunxi/libsunxi.o
 .text.sw_cfg_get_subkey
                0x0000000000000000       0x58 arch/arm/cpu/armv7/sunxi/libsunxi.o
 .text.gpio_request.part.0
                0x0000000000000000      0x2e2 arch/arm/cpu/armv7/sunxi/libsunxi.o
 .text.sw_cfg_get_int
                0x0000000000000000       0x1e arch/arm/cpu/armv7/sunxi/libsunxi.o
 .text.sw_cfg_get_str
                0x0000000000000000       0x2e arch/arm/cpu/armv7/sunxi/libsunxi.o
 .text.script_parser_init_early
                0x0000000000000000       0x1c arch/arm/cpu/armv7/sunxi/libsunxi.o
 .text.script_parser_init
                0x0000000000000000       0x20 arch/arm/cpu/armv7/sunxi/libsunxi.o
 .text.script_parser_exit
                0x0000000000000000       0x14 arch/arm/cpu/armv7/sunxi/libsunxi.o
 .text.script_parser_fetch
                0x0000000000000000      0x168 arch/arm/cpu/armv7/sunxi/libsunxi.o
 .text.script_parser_patch
                0x0000000000000000      0x174 arch/arm/cpu/armv7/sunxi/libsunxi.o
 .text.script_parser_fetch_ex
                0x0000000000000000      0x174 arch/arm/cpu/armv7/sunxi/libsunxi.o
 .text.script_parser_subkey_count
                0x0000000000000000       0x78 arch/arm/cpu/armv7/sunxi/libsunxi.o
 .text.script_parser_mainkey_count
                0x0000000000000000       0x1c arch/arm/cpu/armv7/sunxi/libsunxi.o
 .text.script_parser_mainkey_get_gpio_count
                0x0000000000000000       0xac arch/arm/cpu/armv7/sunxi/libsunxi.o
 .text.script_parser_mainkey_get_gpio_cfg
                0x0000000000000000      0x100 arch/arm/cpu/armv7/sunxi/libsunxi.o
 .text.sw_gpio_init
                0x0000000000000000        0x8 arch/arm/cpu/armv7/sunxi/libsunxi.o
 .text.gpio_exit
                0x0000000000000000        0x4 arch/arm/cpu/armv7/sunxi/libsunxi.o
 .text.gpio_request
                0x0000000000000000        0xc arch/arm/cpu/armv7/sunxi/libsunxi.o
 .text.gpio_request_ex
                0x0000000000000000       0x5e arch/arm/cpu/armv7/sunxi/libsunxi.o
 .text.gpio_release
                0x0000000000000000      0x174 arch/arm/cpu/armv7/sunxi/libsunxi.o
 .text.gpio_get_all_pin_status
                0x0000000000000000      0x1b4 arch/arm/cpu/armv7/sunxi/libsunxi.o
 .text.gpio_get_one_pin_status
                0x0000000000000000       0xe2 arch/arm/cpu/armv7/sunxi/libsunxi.o
 .text.gpio_set_one_pin_status
                0x0000000000000000      0x140 arch/arm/cpu/armv7/sunxi/libsunxi.o
 .text.gpio_set_one_pin_io_status
                0x0000000000000000       0x76 arch/arm/cpu/armv7/sunxi/libsunxi.o
 .text.gpio_set_one_pin_pull
                0x0000000000000000       0x76 arch/arm/cpu/armv7/sunxi/libsunxi.o
 .text.gpio_set_one_pin_driver_level
                0x0000000000000000       0x76 arch/arm/cpu/armv7/sunxi/libsunxi.o
 .text.gpio_read_one_pin_value
                0x0000000000000000       0x6a arch/arm/cpu/armv7/sunxi/libsunxi.o
 .text.gpio_write_one_pin_value
                0x0000000000000000       0x88 arch/arm/cpu/armv7/sunxi/libsunxi.o
 .rodata.wdt_timeout_map
                0x0000000000000000       0x44 arch/arm/cpu/armv7/sunxi/libsunxi.o
 .data          0x0000000000000000        0x0 arch/arm/cpu/armv7/sunxi/libsunxi.o
 .data.script_mod_buf
                0x0000000000000000        0x4 arch/arm/cpu/armv7/sunxi/libsunxi.o
 .data.script_main_key_count
                0x0000000000000000        0x4 arch/arm/cpu/armv7/sunxi/libsunxi.o
 .bss           0x0000000000000000        0x0 arch/arm/cpu/armv7/sunxi/libsunxi.o
 .bss.mbr_buf   0x0000000000000000     0x4000 arch/arm/cpu/armv7/sunxi/libsunxi.o
 .text.interrupt_init
                0x0000000000000000       0x14 arch/arm/lib/libarm.o
 .text.enable_interrupts
                0x0000000000000000        0x2 arch/arm/lib/libarm.o
 .text.disable_interrupts
                0x0000000000000000        0x4 arch/arm/lib/libarm.o
 .text.bad_mode
                0x0000000000000000        0xc arch/arm/lib/libarm.o
 .text.show_regs
                0x0000000000000000       0xdc arch/arm/lib/libarm.o
 .text.do_undefined_instruction
                0x0000000000000000       0x18 arch/arm/lib/libarm.o
 .text.do_software_interrupt
                0x0000000000000000       0x18 arch/arm/lib/libarm.o
 .text.do_prefetch_abort
                0x0000000000000000       0x18 arch/arm/lib/libarm.o
 .text.do_data_abort
                0x0000000000000000       0x18 arch/arm/lib/libarm.o
 .text.do_not_used
                0x0000000000000000       0x18 arch/arm/lib/libarm.o
 .text.do_fiq   0x0000000000000000       0x18 arch/arm/lib/libarm.o
 .text.do_irq   0x0000000000000000       0x18 arch/arm/lib/libarm.o
 .text.do_reset
                0x0000000000000000       0x24 arch/arm/lib/libarm.o
 .text.__flush_cache
                0x0000000000000000        0x2 arch/arm/lib/libarm.o
 .text.__flush_dcache_all
                0x0000000000000000        0xa arch/arm/lib/libarm.o
 .text.__enable_caches
                0x0000000000000000        0xc arch/arm/lib/libarm.o
 .text.__arm_init_before_mmu
                0x0000000000000000        0x2 arch/arm/lib/libarm.o
 .text.arm_init_domains
                0x0000000000000000        0x2 arch/arm/lib/libarm.o
 .text.set_section_dcache
                0x0000000000000000       0x14 arch/arm/lib/libarm.o
 .text.__mmu_page_table_flush
                0x0000000000000000        0x2 arch/arm/lib/libarm.o
 .text.mmu_set_region_dcache_behaviour
                0x0000000000000000       0x3c arch/arm/lib/libarm.o
 .text.dram_bank_mmu_setup
                0x0000000000000000       0x30 arch/arm/lib/libarm.o
 .text.icache_enable
                0x0000000000000000       0x14 arch/arm/lib/libarm.o
 .text.icache_status
                0x0000000000000000        0xa arch/arm/lib/libarm.o
 .text.dcache_enable
                0x0000000000000000       0x5e arch/arm/lib/libarm.o
 .text.dcache_status
                0x0000000000000000        0xa arch/arm/lib/libarm.o
 .rodata        0x0000000000000000       0x80 arch/arm/lib/libarm.o
 .rodata.str1.1
                0x0000000000000000      0x2e5 arch/arm/lib/libarm.o
 .bss           0x0000000000000000        0x0 arch/arm/lib/libarm.o
 .text          0x0000000000000000        0x0 board/sunxi/libsunxi.o
 .text.board_init
                0x0000000000000000       0x24 board/sunxi/libsunxi.o
 .text.checkboard
                0x0000000000000000       0x18 board/sunxi/libsunxi.o
 .text.dram_init
                0x0000000000000000       0x14 board/sunxi/libsunxi.o
 .data          0x0000000000000000        0x0 board/sunxi/libsunxi.o
 .bss           0x0000000000000000        0x0 board/sunxi/libsunxi.o
 .text          0x0000000000000000        0x0 common/libcommon.o
 .text._do_env_set.isra.0
                0x0000000000000000      0x128 common/libcommon.o
 .text.get_env_id
                0x0000000000000000        0xc common/libcommon.o
 .text.setenv   0x0000000000000000       0x34 common/libcommon.o
 .text.setenv_ulong
                0x0000000000000000       0x16 common/libcommon.o
 .text.setenv_hex
                0x0000000000000000       0x20 common/libcommon.o
 .text.envmatch
                0x0000000000000000       0x44 common/libcommon.o
 .text.getenv_f
                0x0000000000000000       0x8c common/libcommon.o
 .text.getenv   0x0000000000000000       0x4c common/libcommon.o
 .text.getenv_ulong
                0x0000000000000000       0x1c common/libcommon.o
 .text.getenv_hex
                0x0000000000000000       0x20 common/libcommon.o
 .text.console_setfile
                0x0000000000000000       0x58 common/libcommon.o
 .text.serial_printf
                0x0000000000000000       0x28 common/libcommon.o
 .text.fgetc    0x0000000000000000       0x1c common/libcommon.o
 .text.ftstc    0x0000000000000000       0x1c common/libcommon.o
 .text.fputc    0x0000000000000000       0x18 common/libcommon.o
 .text.fputs    0x0000000000000000       0x18 common/libcommon.o
 .text.fprintf  0x0000000000000000       0x2c common/libcommon.o
 .text.getc     0x0000000000000000       0x18 common/libcommon.o
 .text.tstc     0x0000000000000000       0x18 common/libcommon.o
 .text.putc     0x0000000000000000       0x1a common/libcommon.o
 .text.vprintf  0x0000000000000000       0x24 common/libcommon.o
 .text.ctrlc    0x0000000000000000       0x34 common/libcommon.o
 .text.disable_ctrlc
                0x0000000000000000       0x10 common/libcommon.o
 .text.had_ctrlc
                0x0000000000000000        0xc common/libcommon.o
 .text.clear_ctrlc
                0x0000000000000000        0xc common/libcommon.o
 .text.dbg      0x0000000000000000        0x6 common/libcommon.o
 .text.search_device
                0x0000000000000000       0x18 common/libcommon.o
 .text.console_assign
                0x0000000000000000       0x2c common/libcommon.o
 .text.console_init_f
                0x0000000000000000        0xa common/libcommon.o
 .text.stdio_print_current_devices
                0x0000000000000000       0x7c common/libcommon.o
 .text.console_init_r
                0x0000000000000000       0x88 common/libcommon.o
 .text.sbrk     0x0000000000000000       0x44 common/libcommon.o
 .text.mem_malloc_init
                0x0000000000000000       0x28 common/libcommon.o
 .text.malloc_trim
                0x0000000000000000       0x84 common/libcommon.o
 .text.free     0x0000000000000000      0x154 common/libcommon.o
 .text.cfree    0x0000000000000000        0x4 common/libcommon.o
 .text.malloc   0x0000000000000000      0x3d4 common/libcommon.o
 .text.calloc   0x0000000000000000       0x88 common/libcommon.o
 .text.memalign
                0x0000000000000000       0xc6 common/libcommon.o
 .text.pvalloc  0x0000000000000000       0x14 common/libcommon.o
 .text.valloc   0x0000000000000000        0xa common/libcommon.o
 .text.realloc  0x0000000000000000      0x2b0 common/libcommon.o
 .text.malloc_usable_size
                0x0000000000000000       0x2a common/libcommon.o
 .text.mallopt  0x0000000000000000       0x38 common/libcommon.o
 .text.__env_get_char_spec
                0x0000000000000000        0x8 common/libcommon.o
 .text.env_get_addr
                0x0000000000000000       0x14 common/libcommon.o
 .text.env_get_char_memory
                0x0000000000000000        0xa common/libcommon.o
 .text.env_get_char
                0x0000000000000000       0x20 common/libcommon.o
 .text.getenv_yesno
                0x0000000000000000       0x32 common/libcommon.o
 .text.getenv_default
                0x0000000000000000       0x20 common/libcommon.o
 .text.set_default_env
                0x0000000000000000       0x7c common/libcommon.o
 .text.set_default_vars
                0x0000000000000000       0x24 common/libcommon.o
 .text.env_import
                0x0000000000000000       0x90 common/libcommon.o
 .text.env_relocate
                0x0000000000000000        0xe common/libcommon.o
 .text.init_mmc_for_env
                0x0000000000000000       0x24 common/libcommon.o
 .text.mmc_get_env_addr
                0x0000000000000000        0xa common/libcommon.o
 .text.env_init
                0x0000000000000000       0x14 common/libcommon.o
 .text.saveenv  0x0000000000000000      0x104 common/libcommon.o
 .text.env_relocate_spec
                0x0000000000000000       0x86 common/libcommon.o
 .text.fdt_error
                0x0000000000000000       0x24 common/libcommon.o
 .text.boot_fdt_add_mem_rsv_regions
                0x0000000000000000       0x54 common/libcommon.o
 .text.boot_relocate_fdt
                0x0000000000000000      0x114 common/libcommon.o
 .text.boot_get_fdt
                0x0000000000000000      0x190 common/libcommon.o
 .text.ft_verify_fdt
                0x0000000000000000        0x4 common/libcommon.o
 .text.arch_fixup_memory_node
                0x0000000000000000        0x4 common/libcommon.o
 .text.image_setup_libfdt
                0x0000000000000000       0x8c common/libcommon.o
 .text.image_check_hcrc
                0x0000000000000000       0x2a common/libcommon.o
 .text.image_check_dcrc
                0x0000000000000000       0x22 common/libcommon.o
 .text.image_multi_count
                0x0000000000000000       0x14 common/libcommon.o
 .text.image_multi_getimg
                0x0000000000000000       0x4a common/libcommon.o
 .text.getenv_bootm_low
                0x0000000000000000       0x20 common/libcommon.o
 .text.getenv_bootm_size
                0x0000000000000000       0x3c common/libcommon.o
 .text.getenv_bootm_mapsize
                0x0000000000000000       0x20 common/libcommon.o
 .text.memmove_wd
                0x0000000000000000        0xa common/libcommon.o
 .text.genimg_print_size
                0x0000000000000000       0x24 common/libcommon.o
 .text.genimg_print_time
                0x0000000000000000       0x2c common/libcommon.o
 .text.get_table_entry_name
                0x0000000000000000       0x18 common/libcommon.o
 .text.genimg_get_os_name
                0x0000000000000000       0x14 common/libcommon.o
 .text.genimg_get_arch_name
                0x0000000000000000       0x14 common/libcommon.o
 .text.genimg_get_type_name
                0x0000000000000000       0x14 common/libcommon.o
 .text.genimg_get_comp_name
                0x0000000000000000       0x14 common/libcommon.o
 .text.image_print_contents
                0x0000000000000000      0x100 common/libcommon.o
 .text.get_table_entry_id
                0x0000000000000000       0x30 common/libcommon.o
 .text.genimg_get_os_id
                0x0000000000000000       0x14 common/libcommon.o
 .text.genimg_get_arch_id
                0x0000000000000000       0x14 common/libcommon.o
 .text.genimg_get_type_id
                0x0000000000000000       0x14 common/libcommon.o
 .text.genimg_get_comp_id
                0x0000000000000000       0x14 common/libcommon.o
 .text.genimg_get_format
                0x0000000000000000       0x24 common/libcommon.o
 .text.genimg_get_image
                0x0000000000000000        0x2 common/libcommon.o
 .text.genimg_has_config
                0x0000000000000000        0x4 common/libcommon.o
 .text.boot_get_ramdisk
                0x0000000000000000      0x154 common/libcommon.o
 .text.boot_ramdisk_high
                0x0000000000000000       0xc4 common/libcommon.o
 .text.boot_get_cmdline
                0x0000000000000000       0x58 common/libcommon.o
 .text.image_setup_linux
                0x0000000000000000       0x74 common/libcommon.o
 .text.stdio_get_list
                0x0000000000000000        0x8 common/libcommon.o
 .text.stdio_get_by_name
                0x0000000000000000       0x34 common/libcommon.o
 .text.stdio_clone
                0x0000000000000000       0x24 common/libcommon.o
 .text.stdio_register
                0x0000000000000000       0x28 common/libcommon.o
 .text.stdio_init
                0x0000000000000000       0x70 common/libcommon.o
 .rodata.str1.1
                0x0000000000000000      0xca4 common/libcommon.o
 .rodata.default_environment
                0x0000000000000000      0x4a7 common/libcommon.o
 .rodata.__func__.6189
                0x0000000000000000        0xb common/libcommon.o
 .rodata.__func__.6178
                0x0000000000000000       0x10 common/libcommon.o
 .rodata.__func__.6436
                0x0000000000000000        0x8 common/libcommon.o
 .rodata.uimage_comp
                0x0000000000000000       0x48 common/libcommon.o
 .rodata.uimage_os
                0x0000000000000000       0x78 common/libcommon.o
 .rodata.uimage_arch
                0x0000000000000000      0x108 common/libcommon.o
 .rodata.uimage_type
                0x0000000000000000       0xd8 common/libcommon.o
 .data          0x0000000000000000        0x0 common/libcommon.o
 .data.env_id   0x0000000000000000        0x4 common/libcommon.o
 .data.av_      0x0000000000000000      0x408 common/libcommon.o
 .data.mmap_threshold
                0x0000000000000000        0x4 common/libcommon.o
 .data.sbrk_base
                0x0000000000000000        0x4 common/libcommon.o
 .data.trim_threshold
                0x0000000000000000        0x4 common/libcommon.o
 .data.env_htab
                0x0000000000000000       0x10 common/libcommon.o
 .data.env_name_spec
                0x0000000000000000        0x4 common/libcommon.o
 .data.load_addr
                0x0000000000000000        0x4 common/libcommon.o
 .data.stdio_names
                0x0000000000000000        0xc common/libcommon.o
 .bss           0x0000000000000000        0x0 common/libcommon.o
 .bss.ctrlc_was_pressed
                0x0000000000000000        0x4 common/libcommon.o
 .bss.ctrlc_disabled
                0x0000000000000000        0x4 common/libcommon.o
 .bss.max_total_mem
                0x0000000000000000        0x4 common/libcommon.o
 .bss.mem_malloc_brk
                0x0000000000000000        0x4 common/libcommon.o
 .bss.max_sbrked_mem
                0x0000000000000000        0x4 common/libcommon.o
 .bss.current_mallinfo
                0x0000000000000000       0x28 common/libcommon.o
 .bss.mem_malloc_end
                0x0000000000000000        0x4 common/libcommon.o
 .bss.top_pad   0x0000000000000000        0x4 common/libcommon.o
 .bss.mem_malloc_start
                0x0000000000000000        0x4 common/libcommon.o
 .bss.n_mmaps_max
                0x0000000000000000        0x4 common/libcommon.o
 .bss.env_ptr   0x0000000000000000        0x4 common/libcommon.o
 .bss.save_addr
                0x0000000000000000        0x4 common/libcommon.o
 .bss.save_size
                0x0000000000000000        0x4 common/libcommon.o
 .bss.devs      0x0000000000000000       0x3c common/libcommon.o
 .text          0x0000000000000000        0x0 common/spl/libspl.o
 .text.spl_start_uboot
                0x0000000000000000       0x1c common/spl/libspl.o
 .bss           0x0000000000000000        0x0 common/spl/libspl.o
 .bss.boot_params_ptr
                0x0000000000000000        0x4 common/spl/libspl.o
 .text          0x0000000000000000        0x0 disk/libdisk.o
 .text.get_dev  0x0000000000000000       0x44 disk/libdisk.o
 .text.dev_print
                0x0000000000000000      0x158 disk/libdisk.o
 .text.print_part
                0x0000000000000000       0x94 disk/libdisk.o
 .text.get_partition_info
                0x0000000000000000       0x1e disk/libdisk.o
 .text.get_device
                0x0000000000000000       0x4c disk/libdisk.o
 .text.get_device_and_partition
                0x0000000000000000      0x28c disk/libdisk.o
 .text.print_partition_extended
                0x0000000000000000      0x1a0 disk/libdisk.o
 .text.get_partition_info_extended.constprop.2
                0x0000000000000000      0x1ac disk/libdisk.o
 .text.print_part_dos
                0x0000000000000000       0x20 disk/libdisk.o
 .text.get_partition_info_dos
                0x0000000000000000       0x12 disk/libdisk.o
 .rodata.block_drvr
                0x0000000000000000       0x18 disk/libdisk.o
 .data          0x0000000000000000        0x0 disk/libdisk.o
 .bss           0x0000000000000000        0x0 disk/libdisk.o
 .text          0x0000000000000000        0x0 drivers/i2c/libi2c.o
 .text.i2c_probe
                0x0000000000000000        0x6 drivers/i2c/libi2c.o
 .bss           0x0000000000000000        0x0 drivers/i2c/libi2c.o
 .text          0x0000000000000000        0x0 drivers/mmc/libmmc.o
 .text.board_mmc_getwp
                0x0000000000000000        0x6 drivers/mmc/libmmc.o
 .text.mmc_getwp
                0x0000000000000000       0x1c drivers/mmc/libmmc.o
 .text.mmc_switch_part
                0x0000000000000000       0x34 drivers/mmc/libmmc.o
 .text.mmc_get_dev
                0x0000000000000000       0x1c drivers/mmc/libmmc.o
 .text.print_mmc_devices
                0x0000000000000000       0x48 drivers/mmc/libmmc.o
 .text.get_mmc_num
                0x0000000000000000        0xc drivers/mmc/libmmc.o
 .text.mmc_set_preinit
                0x0000000000000000        0x6 drivers/mmc/libmmc.o
 .data          0x0000000000000000        0x0 drivers/mmc/libmmc.o
 .bss           0x0000000000000000        0x0 drivers/mmc/libmmc.o
 .text          0x0000000000000000        0x0 drivers/power/libpower.o
 .text.axp209_poweroff
                0x0000000000000000       0x2c drivers/power/libpower.o
 .data          0x0000000000000000        0x0 drivers/power/libpower.o
 .bss           0x0000000000000000        0x0 drivers/power/libpower.o
 .text          0x0000000000000000        0x0 drivers/serial/libserial.o
 .text.serial_null
                0x0000000000000000        0x2 drivers/serial/libserial.o
 .text.serial_register
                0x0000000000000000       0x10 drivers/serial/libserial.o
 .text.serial_stdio_init
                0x0000000000000000       0x50 drivers/serial/libserial.o
 .text.serial_assign
                0x0000000000000000       0x30 drivers/serial/libserial.o
 .text.serial_initialize
                0x0000000000000000       0xd2 drivers/serial/libserial.o
 .text.serial_reinit_all
                0x0000000000000000       0x18 drivers/serial/libserial.o
 .text.serial_setbrg
                0x0000000000000000        0xc drivers/serial/libserial.o
 .text.serial_getc
                0x0000000000000000        0xc drivers/serial/libserial.o
 .text.serial_tstc
                0x0000000000000000        0xc drivers/serial/libserial.o
 .text.serial_putc
                0x0000000000000000       0x10 drivers/serial/libserial.o
 .text.default_serial_puts
                0x0000000000000000       0x1c drivers/serial/libserial.o
 .text.eserial4_init
                0x0000000000000000       0x18 drivers/serial/libserial.o
 .text.eserial3_init
                0x0000000000000000       0x18 drivers/serial/libserial.o
 .text.eserial2_init
                0x0000000000000000       0x18 drivers/serial/libserial.o
 .text.eserial2_putc
                0x0000000000000000        0x6 drivers/serial/libserial.o
 .text.eserial3_putc
                0x0000000000000000        0x6 drivers/serial/libserial.o
 .text.eserial4_putc
                0x0000000000000000        0x6 drivers/serial/libserial.o
 .text._serial_putc_raw
                0x0000000000000000       0x14 drivers/serial/libserial.o
 .text.eserial2_puts
                0x0000000000000000        0x6 drivers/serial/libserial.o
 .text.eserial3_puts
                0x0000000000000000        0x6 drivers/serial/libserial.o
 .text.eserial4_puts
                0x0000000000000000        0x6 drivers/serial/libserial.o
 .text.eserial2_getc
                0x0000000000000000        0x6 drivers/serial/libserial.o
 .text.eserial3_getc
                0x0000000000000000        0x6 drivers/serial/libserial.o
 .text.eserial4_getc
                0x0000000000000000        0x6 drivers/serial/libserial.o
 .text.eserial2_tstc
                0x0000000000000000        0x6 drivers/serial/libserial.o
 .text.eserial3_tstc
                0x0000000000000000        0x6 drivers/serial/libserial.o
 .text.eserial4_tstc
                0x0000000000000000        0x6 drivers/serial/libserial.o
 .text.eserial2_setbrg
                0x0000000000000000        0x6 drivers/serial/libserial.o
 .text.eserial3_setbrg
                0x0000000000000000        0x6 drivers/serial/libserial.o
 .text.eserial4_setbrg
                0x0000000000000000        0x6 drivers/serial/libserial.o
 .text.ns16550_serial_initialize
                0x0000000000000000       0x30 drivers/serial/libserial.o
 .data          0x0000000000000000        0x0 drivers/serial/libserial.o
 .data.eserial2_device
                0x0000000000000000       0x30 drivers/serial/libserial.o
 .data.eserial3_device
                0x0000000000000000       0x30 drivers/serial/libserial.o
 .data.eserial4_device
                0x0000000000000000       0x30 drivers/serial/libserial.o
 .bss           0x0000000000000000        0x0 drivers/serial/libserial.o
 .bss.serial_devices
                0x0000000000000000        0x4 drivers/serial/libserial.o
 .text          0x0000000000000000        0x0 lib/libgeneric.o
 .text.crc32_no_comp
                0x0000000000000000       0x90 lib/libgeneric.o
 .text.crc32    0x0000000000000000        0xc lib/libgeneric.o
 .text.crc32_wd
                0x0000000000000000        0x4 lib/libgeneric.o
 .text.crc32_wd_buf
                0x0000000000000000       0x24 lib/libgeneric.o
 .text.display_options
                0x0000000000000000       0x18 lib/libgeneric.o
 .text.print_size
                0x0000000000000000       0xe0 lib/libgeneric.o
 .text.print_buffer
                0x0000000000000000      0x128 lib/libgeneric.o
 .text._hdelete.isra.1
                0x0000000000000000       0x2e lib/libgeneric.o
 .text.drop_var_from_set.part.2
                0x0000000000000000       0x30 lib/libgeneric.o
 .text.hcreate_r
                0x0000000000000000       0x68 lib/libgeneric.o
 .text.hdestroy_r
                0x0000000000000000       0x48 lib/libgeneric.o
 .text.hmatch_r
                0x0000000000000000       0x5c lib/libgeneric.o
 .text.hsearch_r
                0x0000000000000000      0x2c0 lib/libgeneric.o
 .text.hdelete_r
                0x0000000000000000       0x80 lib/libgeneric.o
 .text.himport_r
                0x0000000000000000      0x20c lib/libgeneric.o
 .text.hwalk_r  0x0000000000000000       0x32 lib/libgeneric.o
 .text.skip_spaces
                0x0000000000000000       0x1c lib/libgeneric.o
 .text.strim    0x0000000000000000       0x3c lib/libgeneric.o
 .text.strncasecmp
                0x0000000000000000       0x4c lib/libgeneric.o
 .text.strcasecmp
                0x0000000000000000        0x8 lib/libgeneric.o
 .text.strcpy   0x0000000000000000        0xe lib/libgeneric.o
 .text.strncpy  0x0000000000000000       0x14 lib/libgeneric.o
 .text.strcat   0x0000000000000000       0x1a lib/libgeneric.o
 .text.strncat  0x0000000000000000       0x2a lib/libgeneric.o
 .text.strcmp   0x0000000000000000       0x1a lib/libgeneric.o
 .text.strchr   0x0000000000000000       0x18 lib/libgeneric.o
 .text.strlen   0x0000000000000000       0x10 lib/libgeneric.o
 .text.strrchr  0x0000000000000000       0x20 lib/libgeneric.o
 .text.strdup   0x0000000000000000       0x24 lib/libgeneric.o
 .text.strspn   0x0000000000000000       0x24 lib/libgeneric.o
 .text.strpbrk  0x0000000000000000       0x22 lib/libgeneric.o
 .text.strtok   0x0000000000000000       0x44 lib/libgeneric.o
 .text.strsep   0x0000000000000000       0x1c lib/libgeneric.o
 .text.strswab  0x0000000000000000       0x28 lib/libgeneric.o
 .text.bcopy    0x0000000000000000       0x14 lib/libgeneric.o
 .text.memmove  0x0000000000000000       0x34 lib/libgeneric.o
 .text.memscan  0x0000000000000000       0x18 lib/libgeneric.o
 .text.strstr   0x0000000000000000       0x3e lib/libgeneric.o
 .text.memchr   0x0000000000000000       0x1a lib/libgeneric.o
 .text.memchr_inv
                0x0000000000000000       0xaa lib/libgeneric.o
 .text.simple_strtoul
                0x0000000000000000       0x80 lib/libgeneric.o
 .text.strict_strtoul
                0x0000000000000000       0x40 lib/libgeneric.o
 .text.simple_strtol
                0x0000000000000000       0x1a lib/libgeneric.o
 .text.ustrtoul
                0x0000000000000000       0x3e lib/libgeneric.o
 .text.simple_strtoull
                0x0000000000000000       0xa4 lib/libgeneric.o
 .text.ustrtoull
                0x0000000000000000       0x50 lib/libgeneric.o
 .text.panic    0x0000000000000000       0x30 lib/libgeneric.o
 .text.__assert_fail
                0x0000000000000000       0x10 lib/libgeneric.o
 .text.simple_itoa
                0x0000000000000000       0x38 lib/libgeneric.o
 .text.print_grouped_ull
                0x0000000000000000       0x58 lib/libgeneric.o
 .rodata.crc_table
                0x0000000000000000      0x400 lib/libgeneric.o
 .rodata.names.6062
                0x0000000000000000        0x6 lib/libgeneric.o
 .data          0x0000000000000000        0x0 lib/libgeneric.o
 .bss           0x0000000000000000        0x0 lib/libgeneric.o
 .bss.errno     0x0000000000000000        0x4 lib/libgeneric.o
 .bss.___strtok
                0x0000000000000000        0x4 lib/libgeneric.o
 .bss.local.6240
                0x0000000000000000       0x16 lib/libgeneric.o
 .text          0x0000000000000000        0x0 /root/mmplayer/u-boot-sunxi/spl/arch/arm/lib/eabi_compat.o
 .data          0x0000000000000000        0x0 /root/mmplayer/u-boot-sunxi/spl/arch/arm/lib/eabi_compat.o
 .bss           0x0000000000000000        0x0 /root/mmplayer/u-boot-sunxi/spl/arch/arm/lib/eabi_compat.o
 .text.__aeabi_unwind_cpp_pr0
                0x0000000000000000        0x2 /root/mmplayer/u-boot-sunxi/spl/arch/arm/lib/eabi_compat.o
 .text.__aeabi_unwind_cpp_pr1
                0x0000000000000000        0x2 /root/mmplayer/u-boot-sunxi/spl/arch/arm/lib/eabi_compat.o
 .data          0x0000000000000000        0x0 /usr/lib/gcc/arm-linux-gnueabihf/4.7/libgcc.a(_udivsi3.o)
 .bss           0x0000000000000000        0x0 /usr/lib/gcc/arm-linux-gnueabihf/4.7/libgcc.a(_udivsi3.o)
 .data          0x0000000000000000        0x0 /usr/lib/gcc/arm-linux-gnueabihf/4.7/libgcc.a(_divsi3.o)
 .bss           0x0000000000000000        0x0 /usr/lib/gcc/arm-linux-gnueabihf/4.7/libgcc.a(_divsi3.o)
 .data          0x0000000000000000        0x0 /usr/lib/gcc/arm-linux-gnueabihf/4.7/libgcc.a(_lshrdi3.o)
 .bss           0x0000000000000000        0x0 /usr/lib/gcc/arm-linux-gnueabihf/4.7/libgcc.a(_lshrdi3.o)
 .data          0x0000000000000000        0x0 /usr/lib/gcc/arm-linux-gnueabihf/4.7/libgcc.a(_ashldi3.o)
 .bss           0x0000000000000000        0x0 /usr/lib/gcc/arm-linux-gnueabihf/4.7/libgcc.a(_ashldi3.o)
 .data          0x0000000000000000        0x0 /usr/lib/gcc/arm-linux-gnueabihf/4.7/libgcc.a(_dvmd_lnx.o)
 .bss           0x0000000000000000        0x0 /usr/lib/gcc/arm-linux-gnueabihf/4.7/libgcc.a(_dvmd_lnx.o)

Memory Configuration

Name             Origin             Length             Attributes
.sram            0x0000000000000020 0x0000000000005fe0
.sdram           0x0000000050000000 0x0000000000080000
*default*        0x0000000000000000 0xffffffffffffffff

Linker script and memory map


.text           0x0000000000000020     0x3a8c
                0x0000000000000020                __start = .
 arch/arm/cpu/armv7/start.o(.text)
 .text          0x0000000000000020       0xf0 arch/arm/cpu/armv7/start.o
                0x0000000000000020                _start
                0x0000000000000060                _end_vect
                0x0000000000000060                _TEXT_BASE
                0x0000000000000064                _bss_start_ofs
                0x0000000000000068                _bss_end_ofs
                0x000000000000006c                _end_ofs
                0x0000000000000070                IRQ_STACK_START_IN
                0x00000000000000b4                c_runtime_cpu_setup
                0x00000000000000cc                save_boot_params
                0x00000000000000d0                cpu_init_cp15
                0x0000000000000108                cpu_init_crit
 *(.text*)
 .text          0x0000000000000110       0x20 arch/arm/cpu/armv7/libarmv7.o
                0x0000000000000110                lowlevel_init
 .text.v7_maint_dcache_all
                0x0000000000000130       0xba arch/arm/cpu/armv7/libarmv7.o
 .text.invalidate_icache_all
                0x00000000000001ea       0x14 arch/arm/cpu/armv7/libarmv7.o
                0x00000000000001ea                invalidate_icache_all
 .text.__v7_outer_cache_disable
                0x00000000000001fe        0x2 arch/arm/cpu/armv7/libarmv7.o
                0x00000000000001fe                v7_outer_cache_disable
                0x00000000000001fe                __v7_outer_cache_disable
 .text.__v7_outer_cache_flush_all
                0x0000000000000200        0x2 arch/arm/cpu/armv7/libarmv7.o
                0x0000000000000200                __v7_outer_cache_flush_all
                0x0000000000000200                v7_outer_cache_flush_all
 .text.flush_dcache_all
                0x0000000000000202       0x10 arch/arm/cpu/armv7/libarmv7.o
                0x0000000000000202                flush_dcache_all
 .text.__v7_outer_cache_inval_all
                0x0000000000000212        0x2 arch/arm/cpu/armv7/libarmv7.o
                0x0000000000000212                v7_outer_cache_inval_all
                0x0000000000000212                __v7_outer_cache_inval_all
 .text.invalidate_dcache_all
                0x0000000000000214       0x10 arch/arm/cpu/armv7/libarmv7.o
                0x0000000000000214                invalidate_dcache_all
 .text.cpu_cache_initialization
                0x0000000000000224        0x2 arch/arm/cpu/armv7/libarmv7.o
                0x0000000000000224                cpu_cache_initialization
 .text.cleanup_before_linux
                0x0000000000000226       0x1e arch/arm/cpu/armv7/libarmv7.o
                0x0000000000000226                cleanup_before_linux
 .text.sdelay   0x0000000000000244        0x6 arch/arm/cpu/armv7/libarmv7.o
                0x0000000000000244                sdelay
 .text.sr32     0x000000000000024a       0x20 arch/arm/cpu/armv7/libarmv7.o
                0x000000000000024a                sr32
 *fill*         0x000000000000026a        0x2 00
 .text.timer_init
                0x000000000000026c       0x14 arch/arm/cpu/armv7/sunxi/libsunxi.o
                0x000000000000026c                timer_init
 .text.get_timer_masked
                0x0000000000000280       0x50 arch/arm/cpu/armv7/sunxi/libsunxi.o
                0x0000000000000280                get_timer_masked
 .text.get_timer
                0x00000000000002d0        0xc arch/arm/cpu/armv7/sunxi/libsunxi.o
                0x00000000000002d0                get_timer
 .text.__udelay
                0x00000000000002dc       0x3c arch/arm/cpu/armv7/sunxi/libsunxi.o
                0x00000000000002dc                __udelay
 .text.dramc_scan_readpipe
                0x0000000000000318       0x30 arch/arm/cpu/armv7/sunxi/libsunxi.o
 .text.dramc_init
                0x0000000000000348      0x690 arch/arm/cpu/armv7/sunxi/libsunxi.o
                0x0000000000000348                dramc_init
 .text.spl_boot_device
                0x00000000000009d8        0x4 arch/arm/cpu/armv7/sunxi/libsunxi.o
                0x00000000000009d8                spl_boot_device
 .text.spl_boot_mode
                0x00000000000009dc        0x4 arch/arm/cpu/armv7/sunxi/libsunxi.o
                0x00000000000009dc                spl_boot_mode
 .text.gpio_init
                0x00000000000009e0       0x1e arch/arm/cpu/armv7/sunxi/libsunxi.o
                0x00000000000009e0                gpio_init
 *fill*         0x00000000000009fe        0x2 00
 .text.s_init   0x0000000000000a00       0x30 arch/arm/cpu/armv7/sunxi/libsunxi.o
                0x0000000000000a00                s_init
 .text.clock_init
                0x0000000000000a30       0xc0 arch/arm/cpu/armv7/sunxi/libsunxi.o
                0x0000000000000a30                clock_init
 .text.clock_get_pll5
                0x0000000000000af0       0x30 arch/arm/cpu/armv7/sunxi/libsunxi.o
                0x0000000000000af0                clock_get_pll5
 .text.clock_twi_onoff
                0x0000000000000b20       0x24 arch/arm/cpu/armv7/sunxi/libsunxi.o
                0x0000000000000b20                clock_twi_onoff
 .text.clock_set_pll1
                0x0000000000000b44       0xc8 arch/arm/cpu/armv7/sunxi/libsunxi.o
                0x0000000000000b44                clock_set_pll1
 .text.sunxi_gpio_set_cfgpin
                0x0000000000000c0c       0x36 arch/arm/cpu/armv7/sunxi/libsunxi.o
                0x0000000000000c0c                sunxi_gpio_set_cfgpin
 .text.sunxi_gpio_set_pull
                0x0000000000000c42       0x38 arch/arm/cpu/armv7/sunxi/libsunxi.o
                0x0000000000000c42                sunxi_gpio_set_pull
 *fill*         0x0000000000000c7a        0x2 00
 .text.watchdog_reset
                0x0000000000000c7c       0x10 arch/arm/cpu/armv7/sunxi/libsunxi.o
                0x0000000000000c7c                watchdog_reset
 .text.watchdog_init
                0x0000000000000c8c       0x10 arch/arm/cpu/armv7/sunxi/libsunxi.o
                0x0000000000000c8c                watchdog_init
 .text          0x0000000000000c9c       0x1c arch/arm/lib/libarm.o
                0x0000000000000c9c                _main
 .text.board_init_f
                0x0000000000000cb8       0x2c arch/arm/lib/libarm.o
                0x0000000000000cb8                board_init_f
 .text.jump_to_image_linux
                0x0000000000000ce4       0x1c arch/arm/lib/libarm.o
                0x0000000000000ce4                jump_to_image_linux
 .text.cp_delay
                0x0000000000000d00       0x18 arch/arm/lib/libarm.o
 .text.icache_disable
                0x0000000000000d18       0x18 arch/arm/lib/libarm.o
                0x0000000000000d18                icache_disable
 .text.dcache_disable
                0x0000000000000d30       0x20 arch/arm/lib/libarm.o
                0x0000000000000d30                dcache_disable
 .text.board_mmc_init
                0x0000000000000d50        0xc board/sunxi/libsunxi.o
                0x0000000000000d50                board_mmc_init
 .text.sunxi_board_init
                0x0000000000000d5c       0x9c board/sunxi/libsunxi.o
                0x0000000000000d5c                sunxi_board_init
 .text.spl_start_uboot
                0x0000000000000df8       0x1e board/sunxi/libsunxi.o
                0x0000000000000df8                spl_start_uboot
 *fill*         0x0000000000000e16        0x2 00
 .text.spl_display_print
                0x0000000000000e18       0x10 board/sunxi/libsunxi.o
                0x0000000000000e18                spl_display_print
 .text.sunxi_dram_init
                0x0000000000000e28        0xc board/sunxi/libsunxi.o
                0x0000000000000e28                sunxi_dram_init
 .text.puts     0x0000000000000e34       0x28 common/libcommon.o
                0x0000000000000e34                puts
 .text.printf   0x0000000000000e5c       0x2c common/libcommon.o
                0x0000000000000e5c                printf
 .text.get_ram_size
                0x0000000000000e88       0x9a common/libcommon.o
                0x0000000000000e88                get_ram_size
 .text.spl_board_prepare_for_linux
                0x0000000000000f22        0x2 common/spl/libspl.o
                0x0000000000000f22                spl_board_prepare_for_linux
 .text.spl_parse_image_header
                0x0000000000000f24       0x64 common/spl/libspl.o
                0x0000000000000f24                spl_parse_image_header
 .text.jump_to_image_no_args
                0x0000000000000f88        0x6 common/spl/libspl.o
                0x0000000000000f88                jump_to_image_no_args
 *fill*         0x0000000000000f8e        0x2 00
 .text.board_init_r
                0x0000000000000f90       0x40 common/spl/libspl.o
                0x0000000000000f90                board_init_r
 .text.preloader_console_init
                0x0000000000000fd0       0x30 common/spl/libspl.o
                0x0000000000000fd0                preloader_console_init
 .text.mmc_load_image_raw
                0x0000000000001000       0x7c common/spl/libspl.o
 .text.spl_mmc_load_image
                0x000000000000107c       0x88 common/spl/libspl.o
                0x000000000000107c                spl_mmc_load_image
 .text.init_part
                0x0000000000001104       0x14 disk/libdisk.o
                0x0000000000001104                init_part
 .text.test_block_type
                0x0000000000001118       0x60 disk/libdisk.o
 .text.test_part_dos
                0x0000000000001178       0x3e disk/libdisk.o
                0x0000000000001178                test_part_dos
 *fill*         0x00000000000011b6        0x2 00
 .text.i2c_wait_ctl
                0x00000000000011b8       0x30 drivers/i2c/libi2c.o
 .text.i2c_wait_irq_status
                0x00000000000011e8       0x24 drivers/i2c/libi2c.o
 .text.i2c_send_data
                0x000000000000120c       0x28 drivers/i2c/libi2c.o
 .text.i2c_start
                0x0000000000001234       0x48 drivers/i2c/libi2c.o
 .text.i2c_stop
                0x000000000000127c       0x5c drivers/i2c/libi2c.o
 .text.i2c_init
                0x00000000000012d8       0x44 drivers/i2c/libi2c.o
                0x00000000000012d8                i2c_init
 .text.i2c_do_read
                0x000000000000131c       0xa8 drivers/i2c/libi2c.o
                0x000000000000131c                i2c_do_read
 .text.i2c_read
                0x00000000000013c4       0x14 drivers/i2c/libi2c.o
                0x00000000000013c4                i2c_read
 .text.i2c_write
                0x00000000000013d8       0x56 drivers/i2c/libi2c.o
                0x00000000000013d8                i2c_write
 .text.mmc_set_ios
                0x000000000000142e       0x86 drivers/mmc/libmmc.o
 .text.mmc_send_cmd
                0x00000000000014b4      0x1f8 drivers/mmc/libmmc.o
 .text.mmc_send_ext_csd
                0x00000000000016ac       0x2c drivers/mmc/libmmc.o
 .text.mmc_go_idle
                0x00000000000016d8       0x32 drivers/mmc/libmmc.o
 *fill*         0x000000000000170a        0x2 00
 .text.mmc_send_op_cond_iter
                0x000000000000170c       0x54 drivers/mmc/libmmc.o
 .text.mmc_set_capacity
                0x0000000000001760       0x6a drivers/mmc/libmmc.o
 *fill*         0x00000000000017ca        0x2 00
 .text.mmc_send_status.constprop.6
                0x00000000000017cc       0x84 drivers/mmc/libmmc.o
 .text.mmc_switch.isra.1
                0x0000000000001850       0x30 drivers/mmc/libmmc.o
 .text.__board_mmc_getcd
                0x0000000000001880        0x6 drivers/mmc/libmmc.o
                0x0000000000001880                __board_mmc_getcd
                0x0000000000001880                board_mmc_getcd
 *fill*         0x0000000000001886        0x2 00
 .text.find_mmc_device
                0x0000000000001888       0x30 drivers/mmc/libmmc.o
                0x0000000000001888                find_mmc_device
 .text.mmc_berase
                0x00000000000018b8      0x108 drivers/mmc/libmmc.o
 .text.mmc_bwrite
                0x00000000000019c0      0x108 drivers/mmc/libmmc.o
 .text.mmc_bread
                0x0000000000001ac8       0xf0 drivers/mmc/libmmc.o
 .text.mmc_send_op_cond
                0x0000000000001bb8       0x42 drivers/mmc/libmmc.o
                0x0000000000001bb8                mmc_send_op_cond
 .text.mmc_complete_op_cond
                0x0000000000001bfa       0x80 drivers/mmc/libmmc.o
                0x0000000000001bfa                mmc_complete_op_cond
 .text.mmc_getcd
                0x0000000000001c7a       0x1c drivers/mmc/libmmc.o
                0x0000000000001c7a                mmc_getcd
 .text.mmc_set_clock
                0x0000000000001c96       0x1c drivers/mmc/libmmc.o
                0x0000000000001c96                mmc_set_clock
 *fill*         0x0000000000001cb2        0x2 00
 .text.mmc_startup
                0x0000000000001cb4      0x738 drivers/mmc/libmmc.o
 .text.mmc_register
                0x00000000000023ec       0x60 drivers/mmc/libmmc.o
                0x00000000000023ec                mmc_register
 .text.mmc_start_init
                0x000000000000244c      0x18c drivers/mmc/libmmc.o
                0x000000000000244c                mmc_start_init
 .text.mmc_init
                0x00000000000025d8       0x56 drivers/mmc/libmmc.o
                0x00000000000025d8                mmc_init
 .text.__def_mmc_init
                0x000000000000262e        0x6 drivers/mmc/libmmc.o
                0x000000000000262e                cpu_mmc_init
 .text.mmc_initialize
                0x0000000000002634       0x44 drivers/mmc/libmmc.o
                0x0000000000002634                mmc_initialize
 .text.mmc_update_clk
                0x0000000000002678       0x38 drivers/mmc/libmmc.o
 .text.mmc_core_init
                0x00000000000026b0        0xc drivers/mmc/libmmc.o
 .text.sunxi_mmc_init
                0x00000000000026bc      0x1a8 drivers/mmc/libmmc.o
                0x00000000000026bc                sunxi_mmc_init
 .text.axp209_write
                0x0000000000002864       0x1a drivers/power/libpower.o
                0x0000000000002864                axp209_write
 .text.axp209_read
                0x000000000000287e       0x14 drivers/power/libpower.o
                0x000000000000287e                axp209_read
 .text.axp209_set_dcdc2
                0x0000000000002892       0x4a drivers/power/libpower.o
                0x0000000000002892                axp209_set_dcdc2
 .text.axp209_set_dcdc3
                0x00000000000028dc       0x32 drivers/power/libpower.o
                0x00000000000028dc                axp209_set_dcdc3
 .text.axp209_set_ldo2
                0x000000000000290e       0x40 drivers/power/libpower.o
                0x000000000000290e                axp209_set_ldo2
 .text.axp209_set_ldo3
                0x000000000000294e       0x30 drivers/power/libpower.o
                0x000000000000294e                axp209_set_ldo3
 *fill*         0x000000000000297e        0x2 00
 .text.axp209_set_ldo4
                0x0000000000002980       0x40 drivers/power/libpower.o
                0x0000000000002980                axp209_set_ldo4
 .text.axp209_init
                0x00000000000029c0       0x22 drivers/power/libpower.o
                0x00000000000029c0                axp209_init
 .text.axp209_poweron_by_dc
                0x00000000000029e2       0x1c drivers/power/libpower.o
                0x00000000000029e2                axp209_poweron_by_dc
 .text.axp209_power_button
                0x00000000000029fe       0x26 drivers/power/libpower.o
                0x00000000000029fe                axp209_power_button
 .text.NS16550_init
                0x0000000000002a24       0x34 drivers/serial/libserial.o
                0x0000000000002a24                NS16550_init
 .text.NS16550_reinit
                0x0000000000002a58       0x28 drivers/serial/libserial.o
                0x0000000000002a58                NS16550_reinit
 .text.NS16550_putc
                0x0000000000002a80       0x10 drivers/serial/libserial.o
                0x0000000000002a80                NS16550_putc
 .text.NS16550_getc
                0x0000000000002a90        0xa drivers/serial/libserial.o
                0x0000000000002a90                NS16550_getc
 .text.NS16550_tstc
                0x0000000000002a9a        0x8 drivers/serial/libserial.o
                0x0000000000002a9a                NS16550_tstc
 *fill*         0x0000000000002aa2        0x2 00
 .text.get_current
                0x0000000000002aa4       0x2c drivers/serial/libserial.o
 .text.serial_init
                0x0000000000002ad0        0xc drivers/serial/libserial.o
                0x0000000000002ad0                serial_init
 .text.serial_puts
                0x0000000000002adc       0x10 drivers/serial/libserial.o
                0x0000000000002adc                serial_puts
 .text.calc_divisor.isra.0
                0x0000000000002aec       0x1a drivers/serial/libserial.o
 *fill*         0x0000000000002b06        0x2 00
 .text.eserial1_init
                0x0000000000002b08       0x18 drivers/serial/libserial.o
 .text._serial_putc
                0x0000000000002b20       0x2c drivers/serial/libserial.o
                0x0000000000002b20                _serial_putc
 .text.eserial1_putc
                0x0000000000002b4c        0x6 drivers/serial/libserial.o
 .text._serial_puts
                0x0000000000002b52       0x18 drivers/serial/libserial.o
                0x0000000000002b52                _serial_puts
 .text.eserial1_puts
                0x0000000000002b6a        0x6 drivers/serial/libserial.o
 .text._serial_getc
                0x0000000000002b70       0x14 drivers/serial/libserial.o
                0x0000000000002b70                _serial_getc
 .text.eserial1_getc
                0x0000000000002b84        0x6 drivers/serial/libserial.o
 *fill*         0x0000000000002b8a        0x2 00
 .text._serial_tstc
                0x0000000000002b8c       0x10 drivers/serial/libserial.o
                0x0000000000002b8c                _serial_tstc
 .text.eserial1_tstc
                0x0000000000002b9c        0x6 drivers/serial/libserial.o
 *fill*         0x0000000000002ba2        0x2 00
 .text._serial_setbrg
                0x0000000000002ba4       0x20 drivers/serial/libserial.o
                0x0000000000002ba4                _serial_setbrg
 .text.eserial1_setbrg
                0x0000000000002bc4        0x6 drivers/serial/libserial.o
 *fill*         0x0000000000002bca        0x2 00
 .text.default_serial_console
                0x0000000000002bcc        0x8 drivers/serial/libserial.o
                0x0000000000002bcc                default_serial_console
 .text.__div64_32
                0x0000000000002bd4       0x8e lib/libgeneric.o
                0x0000000000002bd4                __div64_32
 *fill*         0x0000000000002c62        0x2 00
 .text.hang     0x0000000000002c64       0x10 lib/libgeneric.o
                0x0000000000002c64                hang
 .text.strncmp  0x0000000000002c74       0x20 lib/libgeneric.o
                0x0000000000002c74                strncmp
 .text.strnlen  0x0000000000002c94       0x1a lib/libgeneric.o
                0x0000000000002c94                strnlen
 .text.memset   0x0000000000002cae       0x42 lib/libgeneric.o
                0x0000000000002cae                memset
 .text.memcpy   0x0000000000002cf0       0x3c lib/libgeneric.o
                0x0000000000002cf0                memcpy
 .text.memcmp   0x0000000000002d2c       0x1a lib/libgeneric.o
                0x0000000000002d2c                memcmp
 *fill*         0x0000000000002d46        0x2 00
 .text.udelay   0x0000000000002d48       0x20 lib/libgeneric.o
                0x0000000000002d48                udelay
 .text.mdelay   0x0000000000002d68       0x16 lib/libgeneric.o
                0x0000000000002d68                mdelay
 .text.put_dec_trunc
                0x0000000000002d7e       0x90 lib/libgeneric.o
 *fill*         0x0000000000002e0e        0x2 00
 .text.put_dec  0x0000000000002e10       0xec lib/libgeneric.o
 .text.string.isra.0
                0x0000000000002efc       0x5c lib/libgeneric.o
 .text.number.isra.4
                0x0000000000002f58      0x1b4 lib/libgeneric.o
 .text.vsnprintf_internal.isra.6
                0x000000000000310c      0x418 lib/libgeneric.o
 .text.vsprintf
                0x0000000000003524        0x4 lib/libgeneric.o
                0x0000000000003524                vsprintf
 .text.sprintf  0x0000000000003528       0x18 lib/libgeneric.o
                0x0000000000003528                sprintf
 .text.raise    0x0000000000003540        0x4 /root/mmplayer/u-boot-sunxi/spl/arch/arm/lib/eabi_compat.o
                0x0000000000003540                raise
 *fill*         0x0000000000003544        0x4 00
 .text          0x0000000000003548      0x278 /usr/lib/gcc/arm-linux-gnueabihf/4.7/libgcc.a(_udivsi3.o)
                0x0000000000003548                __udivsi3
                0x0000000000003548                __aeabi_uidiv
                0x00000000000037a4                __aeabi_uidivmod
 .text          0x00000000000037c0      0x2b0 /usr/lib/gcc/arm-linux-gnueabihf/4.7/libgcc.a(_divsi3.o)
                0x00000000000037c0                __aeabi_idiv
                0x00000000000037c0                __divsi3
                0x0000000000003a54                __aeabi_idivmod
 .text          0x0000000000003a70       0x18 /usr/lib/gcc/arm-linux-gnueabihf/4.7/libgcc.a(_lshrdi3.o)
                0x0000000000003a70                __aeabi_llsr
                0x0000000000003a70                __lshrdi3
 .text          0x0000000000003a88       0x18 /usr/lib/gcc/arm-linux-gnueabihf/4.7/libgcc.a(_ashldi3.o)
                0x0000000000003a88                __ashldi3
                0x0000000000003a88                __aeabi_llsl
 .text          0x0000000000003aa0        0xc /usr/lib/gcc/arm-linux-gnueabihf/4.7/libgcc.a(_dvmd_lnx.o)
                0x0000000000003aa0                __aeabi_ldiv0
                0x0000000000003aa0                __aeabi_idiv0

.glue_7         0x0000000000003aac        0x0
 .glue_7        0x0000000000000000        0x0 linker stubs

.glue_7t        0x0000000000003aac        0x0
 .glue_7t       0x0000000000000000        0x0 linker stubs

.vfp11_veneer   0x0000000000003aac        0x0
 .vfp11_veneer  0x0000000000000000        0x0 linker stubs

.v4_bx          0x0000000000003aac        0x0
 .v4_bx         0x0000000000000000        0x0 linker stubs

.iplt           0x0000000000003aac        0x0
 .iplt          0x0000000000000000        0x0 arch/arm/cpu/armv7/start.o
                0x0000000000003aac                . = ALIGN (0x4)

.rodata         0x0000000000003aac      0xbb0
 *(SORT(.rodata*))
 .rodata        0x0000000000003aac       0x58 arch/arm/cpu/armv7/sunxi/libsunxi.o
 .rodata.hpcr_value
                0x0000000000003b04       0x80 arch/arm/cpu/armv7/sunxi/libsunxi.o
 .rodata.ext_to_hostcaps.6540
                0x0000000000003b84        0xc drivers/mmc/libmmc.o
 .rodata.ext_csd_bits.6539
                0x0000000000003b90        0xc drivers/mmc/libmmc.o
 .rodata.multipliers
                0x0000000000003b9c       0x40 drivers/mmc/libmmc.o
 .rodata.fbase  0x0000000000003bdc       0x10 drivers/mmc/libmmc.o
 .rodata.widths.6541
                0x0000000000003bec        0xc drivers/mmc/libmmc.o
 .rodata.vindex.6107
                0x0000000000003bf8       0x40 drivers/power/libpower.o
 .rodata.serial_ports
                0x0000000000003c38       0x18 drivers/serial/libserial.o
 .rodata.str1.1
                0x0000000000003c50       0x3d arch/arm/cpu/armv7/sunxi/libsunxi.o
 .rodata.str1.1
                0x0000000000003c8d       0x66 board/sunxi/libsunxi.o
 .rodata.str1.1
                0x0000000000003cf3      0x14c common/spl/libspl.o
 .rodata.str1.1
                0x0000000000003e3f      0x40e disk/libdisk.o
                                        0x437 (size before relaxing)
 .rodata.str1.1
                0x000000000000424d      0x1a8 drivers/mmc/libmmc.o
                                        0x1aa (size before relaxing)
 .rodata.str1.1
                0x00000000000043f5       0x15 drivers/serial/libserial.o
 .rodata._ctype
                0x000000000000440a      0x100 lib/libgeneric.o
                0x000000000000440a                _ctype
 .rodata.str1.1
                0x000000000000450a      0x131 lib/libgeneric.o
                                        0x133 (size before relaxing)
 .rodata.digits.6061
                0x000000000000463b       0x10 lib/libgeneric.o
 .rodata.hex_asc
                0x000000000000464b       0x11 lib/libgeneric.o

.rel.dyn        0x000000000000465c        0x0
 .rel.iplt      0x0000000000000000        0x0 arch/arm/cpu/armv7/start.o
                0x000000000000465c                . = ALIGN (0x4)

.data           0x0000000000004660      0x1b4
 *(SORT(.data*))
 .data          0x0000000000004660       0x98 arch/arm/lib/libarm.o
                0x0000000000004660                gdata
 .data.pll1_para
                0x00000000000046f8       0x78 arch/arm/cpu/armv7/sunxi/libsunxi.o
                0x00000000000046f8                pll1_para
 .data.dram_para
                0x0000000000004770       0x4c board/sunxi/libsunxi.o
 .data          0x00000000000047bc       0x20 common/spl/libspl.o
 .data          0x00000000000047dc        0x4 drivers/i2c/libi2c.o
 .data.cur_dev_num
                0x00000000000047e0        0x4 drivers/mmc/libmmc.o
 .data.eserial1_device
                0x00000000000047e4       0x30 drivers/serial/libserial.o
                0x00000000000047e4                eserial1_device

.igot.plt       0x0000000000004814        0x0
 .igot.plt      0x0000000000000000        0x0 arch/arm/cpu/armv7/start.o
                0x0000000000004814                . = ALIGN (0x4)
                0x0000000000004814                __image_copy_end = .
                0x0000000000004814                _end = .

.bss            0x0000000050000000      0x654
                0x0000000050000000                . = ALIGN (0x4)
                0x0000000050000000                __bss_start = .
 *(.bss*)
 .bss.stdio_devices
                0x0000000050000000        0xc common/libcommon.o
                0x0000000050000000                stdio_devices
 .bss.spl_image
                0x000000005000000c       0x18 common/spl/libspl.o
                0x000000005000000c                spl_image
 .bss.mmc_devices
                0x0000000050000024        0x8 drivers/mmc/libmmc.o
 *fill*         0x000000005000002c        0x4 00
 .bss.mmc_dev   0x0000000050000030      0x5c0 drivers/mmc/libmmc.o
                0x0000000050000030                mmc_dev
 .bss.mmc_host  0x00000000500005f0       0x60 drivers/mmc/libmmc.o
                0x00000000500005f0                mmc_host
 .bss.serial_current
                0x0000000050000650        0x4 drivers/serial/libserial.o
                0x0000000050000654                . = ALIGN (0x4)
                0x0000000050000654                __bss_end = .
Address of section .text set to 0x20
LOAD arch/arm/cpu/armv7/start.o
START GROUP
LOAD arch/arm/cpu/armv7/libarmv7.o
LOAD arch/arm/cpu/armv7/sunxi/libsunxi.o
LOAD arch/arm/lib/libarm.o
LOAD board/sunxi/libsunxi.o
LOAD common/libcommon.o
LOAD common/spl/libspl.o
LOAD disk/libdisk.o
LOAD drivers/i2c/libi2c.o
LOAD drivers/mmc/libmmc.o
LOAD drivers/power/libpower.o
LOAD drivers/serial/libserial.o
LOAD lib/libgeneric.o
END GROUP
LOAD /root/mmplayer/u-boot-sunxi/spl/arch/arm/lib/eabi_compat.o
LOAD /usr/lib/gcc/arm-linux-gnueabihf/4.7/libgcc.a
LOAD /usr/lib/gcc/arm-linux-gnueabihf/4.7/libgcc.a
OUTPUT(u-boot-spl elf32-littlearm)

.ARM.attributes
                0x0000000000000000       0x2f
 .ARM.attributes
                0x0000000000000000       0x21 arch/arm/cpu/armv7/start.o
 .ARM.attributes
                0x0000000000000021       0x31 arch/arm/cpu/armv7/libarmv7.o
 .ARM.attributes
                0x0000000000000052       0x31 arch/arm/cpu/armv7/sunxi/libsunxi.o
 .ARM.attributes
                0x0000000000000083       0x2f arch/arm/lib/libarm.o
 .ARM.attributes
                0x00000000000000b2       0x31 board/sunxi/libsunxi.o
 .ARM.attributes
                0x00000000000000e3       0x31 common/libcommon.o
 .ARM.attributes
                0x0000000000000114       0x31 common/spl/libspl.o
 .ARM.attributes
                0x0000000000000145       0x31 disk/libdisk.o
 .ARM.attributes
                0x0000000000000176       0x31 drivers/i2c/libi2c.o
 .ARM.attributes
                0x00000000000001a7       0x31 drivers/mmc/libmmc.o
 .ARM.attributes
                0x00000000000001d8       0x31 drivers/power/libpower.o
 .ARM.attributes
                0x0000000000000209       0x31 drivers/serial/libserial.o
 .ARM.attributes
                0x000000000000023a       0x31 lib/libgeneric.o
 .ARM.attributes
                0x000000000000026b       0x31 /root/mmplayer/u-boot-sunxi/spl/arch/arm/lib/eabi_compat.o
 .ARM.attributes
                0x000000000000029c       0x23 /usr/lib/gcc/arm-linux-gnueabihf/4.7/libgcc.a(_udivsi3.o)
 .ARM.attributes
                0x00000000000002bf       0x23 /usr/lib/gcc/arm-linux-gnueabihf/4.7/libgcc.a(_divsi3.o)
 .ARM.attributes
                0x00000000000002e2       0x23 /usr/lib/gcc/arm-linux-gnueabihf/4.7/libgcc.a(_lshrdi3.o)
 .ARM.attributes
                0x0000000000000305       0x23 /usr/lib/gcc/arm-linux-gnueabihf/4.7/libgcc.a(_ashldi3.o)
 .ARM.attributes
                0x0000000000000328       0x23 /usr/lib/gcc/arm-linux-gnueabihf/4.7/libgcc.a(_dvmd_lnx.o)

.comment        0x0000000000000000       0x1c
 .comment       0x0000000000000000       0x1c arch/arm/cpu/armv7/libarmv7.o
                                         0x74 (size before relaxing)
 .comment       0x0000000000000000      0x105 arch/arm/cpu/armv7/sunxi/libsunxi.o
 .comment       0x0000000000000000       0x91 arch/arm/lib/libarm.o
 .comment       0x0000000000000000       0x3a board/sunxi/libsunxi.o
 .comment       0x0000000000000000      0x105 common/libcommon.o
 .comment       0x0000000000000000       0x3a common/spl/libspl.o
 .comment       0x0000000000000000       0x3a disk/libdisk.o
 .comment       0x0000000000000000       0x1d drivers/i2c/libi2c.o
 .comment       0x0000000000000000       0x3a drivers/mmc/libmmc.o
 .comment       0x0000000000000000       0x1d drivers/power/libpower.o
 .comment       0x0000000000000000       0x57 drivers/serial/libserial.o
 .comment       0x0000000000000000      0x13f lib/libgeneric.o
 .comment       0x0000000000000000       0x1d /root/mmplayer/u-boot-sunxi/spl/arch/arm/lib/eabi_compat.o

.note.GNU-stack
                0x0000000000000000        0x0
 .note.GNU-stack
                0x0000000000000000        0x0 arch/arm/cpu/armv7/libarmv7.o
 .note.GNU-stack
                0x0000000000000000        0x0 arch/arm/cpu/armv7/sunxi/libsunxi.o
 .note.GNU-stack
                0x0000000000000000        0x0 arch/arm/lib/libarm.o
 .note.GNU-stack
                0x0000000000000000        0x0 board/sunxi/libsunxi.o
 .note.GNU-stack
                0x0000000000000000        0x0 common/libcommon.o
 .note.GNU-stack
                0x0000000000000000        0x0 common/spl/libspl.o
 .note.GNU-stack
                0x0000000000000000        0x0 disk/libdisk.o
 .note.GNU-stack
                0x0000000000000000        0x0 drivers/i2c/libi2c.o
 .note.GNU-stack
                0x0000000000000000        0x0 drivers/mmc/libmmc.o
 .note.GNU-stack
                0x0000000000000000        0x0 drivers/power/libpower.o
 .note.GNU-stack
                0x0000000000000000        0x0 drivers/serial/libserial.o
 .note.GNU-stack
                0x0000000000000000        0x0 lib/libgeneric.o
 .note.GNU-stack
                0x0000000000000000        0x0 /root/mmplayer/u-boot-sunxi/spl/arch/arm/lib/eabi_compat.o
 .note.GNU-stack
                0x0000000000000000        0x0 /usr/lib/gcc/arm-linux-gnueabihf/4.7/libgcc.a(_udivsi3.o)
 .note.GNU-stack
                0x0000000000000000        0x0 /usr/lib/gcc/arm-linux-gnueabihf/4.7/libgcc.a(_divsi3.o)
 .note.GNU-stack
                0x0000000000000000        0x0 /usr/lib/gcc/arm-linux-gnueabihf/4.7/libgcc.a(_lshrdi3.o)
 .note.GNU-stack
                0x0000000000000000        0x0 /usr/lib/gcc/arm-linux-gnueabihf/4.7/libgcc.a(_ashldi3.o)
 .note.GNU-stack
                0x0000000000000000        0x0 /usr/lib/gcc/arm-linux-gnueabihf/4.7/libgcc.a(_dvmd_lnx.o)

.debug_line     0x0000000000000000     0x81d1
 .debug_line    0x0000000000000000       0x78 arch/arm/cpu/armv7/start.o
 .debug_line    0x0000000000000078      0x5d8 arch/arm/cpu/armv7/libarmv7.o
 .debug_line    0x0000000000000650     0x16fe arch/arm/cpu/armv7/sunxi/libsunxi.o
 .debug_line    0x0000000000001d4e      0x909 arch/arm/lib/libarm.o
 .debug_line    0x0000000000002657      0x340 board/sunxi/libsunxi.o
 .debug_line    0x0000000000002997     0x1e87 common/libcommon.o
 .debug_line    0x000000000000481e      0x3fe common/spl/libspl.o
 .debug_line    0x0000000000004c1c      0x67a disk/libdisk.o
 .debug_line    0x0000000000005296      0x296 drivers/i2c/libi2c.o
 .debug_line    0x000000000000552c      0xb51 drivers/mmc/libmmc.o
 .debug_line    0x000000000000607d      0x1fb drivers/power/libpower.o
 .debug_line    0x0000000000006278      0x81e drivers/serial/libserial.o
 .debug_line    0x0000000000006a96     0x1649 lib/libgeneric.o
 .debug_line    0x00000000000080df       0xf2 /root/mmplayer/u-boot-sunxi/spl/arch/arm/lib/eabi_compat.o

.debug_info     0x0000000000000000    0x277c6
 .debug_info    0x0000000000000000       0x5d arch/arm/cpu/armv7/start.o
 .debug_info    0x000000000000005d     0x1904 arch/arm/cpu/armv7/libarmv7.o
 .debug_info    0x0000000000001961     0x7458 arch/arm/cpu/armv7/sunxi/libsunxi.o
 .debug_info    0x0000000000008db9     0x270e arch/arm/lib/libarm.o
 .debug_info    0x000000000000b4c7      0xdfd board/sunxi/libsunxi.o
 .debug_info    0x000000000000c2c4     0x9e21 common/libcommon.o
 .debug_info    0x00000000000160e5     0x1a28 common/spl/libspl.o
 .debug_info    0x0000000000017b0d     0x2151 disk/libdisk.o
 .debug_info    0x0000000000019c5e      0xd6f drivers/i2c/libi2c.o
 .debug_info    0x000000000001a9cd     0x4a23 drivers/mmc/libmmc.o
 .debug_info    0x000000000001f3f0      0x8ba drivers/power/libpower.o
 .debug_info    0x000000000001fcaa     0x26ff drivers/serial/libserial.o
 .debug_info    0x00000000000223a9     0x5097 lib/libgeneric.o
 .debug_info    0x0000000000027440      0x386 /root/mmplayer/u-boot-sunxi/spl/arch/arm/lib/eabi_compat.o

.debug_abbrev   0x0000000000000000     0x87cb
 .debug_abbrev  0x0000000000000000       0x14 arch/arm/cpu/armv7/start.o
 .debug_abbrev  0x0000000000000014      0x7b5 arch/arm/cpu/armv7/libarmv7.o
 .debug_abbrev  0x00000000000007c9     0x1645 arch/arm/cpu/armv7/sunxi/libsunxi.o
 .debug_abbrev  0x0000000000001e0e      0xa16 arch/arm/lib/libarm.o
 .debug_abbrev  0x0000000000002824      0x3cd board/sunxi/libsunxi.o
 .debug_abbrev  0x0000000000002bf1     0x1ff9 common/libcommon.o
 .debug_abbrev  0x0000000000004bea      0x5f8 common/spl/libspl.o
 .debug_abbrev  0x00000000000051e2      0x718 disk/libdisk.o
 .debug_abbrev  0x00000000000058fa      0x36f drivers/i2c/libi2c.o
 .debug_abbrev  0x0000000000005c69      0xaa6 drivers/mmc/libmmc.o
 .debug_abbrev  0x000000000000670f      0x20b drivers/power/libpower.o
 .debug_abbrev  0x000000000000691a      0x812 drivers/serial/libserial.o
 .debug_abbrev  0x000000000000712c     0x1578 lib/libgeneric.o
 .debug_abbrev  0x00000000000086a4      0x127 /root/mmplayer/u-boot-sunxi/spl/arch/arm/lib/eabi_compat.o

.debug_aranges  0x0000000000000000     0x1278
 .debug_aranges
                0x0000000000000000       0x20 arch/arm/cpu/armv7/start.o
 .debug_aranges
                0x0000000000000020      0x130 arch/arm/cpu/armv7/libarmv7.o
 .debug_aranges
                0x0000000000000150      0x2c8 arch/arm/cpu/armv7/sunxi/libsunxi.o
 .debug_aranges
                0x0000000000000418      0x190 arch/arm/lib/libarm.o
 .debug_aranges
                0x00000000000005a8       0x70 board/sunxi/libsunxi.o
 .debug_aranges
                0x0000000000000618      0x408 common/libcommon.o
 .debug_aranges
                0x0000000000000a20       0x70 common/spl/libspl.o
 .debug_aranges
                0x0000000000000a90       0x98 disk/libdisk.o
 .debug_aranges
                0x0000000000000b28       0x68 drivers/i2c/libi2c.o
 .debug_aranges
                0x0000000000000b90      0x148 drivers/mmc/libmmc.o
 .debug_aranges
                0x0000000000000cd8       0x70 drivers/power/libpower.o
 .debug_aranges
                0x0000000000000d48      0x1e8 drivers/serial/libserial.o
 .debug_aranges
                0x0000000000000f30      0x318 lib/libgeneric.o
 .debug_aranges
                0x0000000000001248       0x30 /root/mmplayer/u-boot-sunxi/spl/arch/arm/lib/eabi_compat.o

.debug_frame    0x0000000000000000     0x2c50
 .debug_frame   0x0000000000000000      0x220 arch/arm/cpu/armv7/libarmv7.o
 .debug_frame   0x0000000000000220      0x6e8 arch/arm/cpu/armv7/sunxi/libsunxi.o
 .debug_frame   0x0000000000000908      0x2ec arch/arm/lib/libarm.o
 .debug_frame   0x0000000000000bf4       0xc8 board/sunxi/libsunxi.o
 .debug_frame   0x0000000000000cbc      0xa7c common/libcommon.o
 .debug_frame   0x0000000000001738       0xdc common/spl/libspl.o
 .debug_frame   0x0000000000001814      0x1c0 disk/libdisk.o
 .debug_frame   0x00000000000019d4      0x108 drivers/i2c/libi2c.o
 .debug_frame   0x0000000000001adc      0x3c8 drivers/mmc/libmmc.o
 .debug_frame   0x0000000000001ea4      0x144 drivers/power/libpower.o
 .debug_frame   0x0000000000001fe8      0x43c drivers/serial/libserial.o
 .debug_frame   0x0000000000002424      0x7ec lib/libgeneric.o
 .debug_frame   0x0000000000002c10       0x40 /root/mmplayer/u-boot-sunxi/spl/arch/arm/lib/eabi_compat.o

.debug_str      0x0000000000000000     0x51b6
 .debug_str     0x0000000000000000      0x537 arch/arm/cpu/armv7/libarmv7.o
                                        0xdaf (size before relaxing)
 .debug_str     0x0000000000000537     0x1418 arch/arm/cpu/armv7/sunxi/libsunxi.o
                                       0x3089 (size before relaxing)
 .debug_str     0x000000000000194f      0x3a5 arch/arm/lib/libarm.o
                                       0x13c5 (size before relaxing)
 .debug_str     0x0000000000001cf4      0x14a board/sunxi/libsunxi.o
                                        0x7d0 (size before relaxing)
 .debug_str     0x0000000000001e3e     0x1ee0 common/libcommon.o
                                       0x4583 (size before relaxing)
 .debug_str     0x0000000000003d1e      0x11d common/spl/libspl.o
                                        0xd99 (size before relaxing)
 .debug_str     0x0000000000003e3b      0x2d5 disk/libdisk.o
                                        0xb15 (size before relaxing)
 .debug_str     0x0000000000004110      0x104 drivers/i2c/libi2c.o
                                        0x47a (size before relaxing)
 .debug_str     0x0000000000004214      0x52e drivers/mmc/libmmc.o
                                       0x142a (size before relaxing)
 .debug_str     0x0000000000004742      0x125 drivers/power/libpower.o
                                        0x408 (size before relaxing)
 .debug_str     0x0000000000004867      0x4dd drivers/serial/libserial.o
                                        0xf9e (size before relaxing)
 .debug_str     0x0000000000004d44      0x429 lib/libgeneric.o
                                       0x22de (size before relaxing)
 .debug_str     0x000000000000516d       0x49 /root/mmplayer/u-boot-sunxi/spl/arch/arm/lib/eabi_compat.o
                                        0x2a1 (size before relaxing)

.debug_loc      0x0000000000000000    0x13ebc
 .debug_loc     0x0000000000000000      0x750 arch/arm/cpu/armv7/libarmv7.o
 .debug_loc     0x0000000000000750     0x4ef2 arch/arm/cpu/armv7/sunxi/libsunxi.o
 .debug_loc     0x0000000000005642      0x645 arch/arm/lib/libarm.o
 .debug_loc     0x0000000000005c87      0x158 board/sunxi/libsunxi.o
 .debug_loc     0x0000000000005ddf     0x4efe common/libcommon.o
 .debug_loc     0x000000000000acdd      0x28c common/spl/libspl.o
 .debug_loc     0x000000000000af69     0x1066 disk/libdisk.o
 .debug_loc     0x000000000000bfcf      0x840 drivers/i2c/libi2c.o
 .debug_loc     0x000000000000c80f     0x27ea drivers/mmc/libmmc.o
 .debug_loc     0x000000000000eff9      0x4e3 drivers/power/libpower.o
 .debug_loc     0x000000000000f4dc      0x7a3 drivers/serial/libserial.o
 .debug_loc     0x000000000000fc7f     0x421c lib/libgeneric.o
 .debug_loc     0x0000000000013e9b       0x21 /root/mmplayer/u-boot-sunxi/spl/arch/arm/lib/eabi_compat.o

.debug_ranges   0x0000000000000000     0x1fb8
 .debug_ranges  0x0000000000000000      0x178 arch/arm/cpu/armv7/libarmv7.o
 .debug_ranges  0x0000000000000178      0x658 arch/arm/cpu/armv7/sunxi/libsunxi.o
 .debug_ranges  0x00000000000007d0      0x120 arch/arm/lib/libarm.o
 .debug_ranges  0x00000000000008f0       0x50 board/sunxi/libsunxi.o
 .debug_ranges  0x0000000000000940      0x570 common/libcommon.o
 .debug_ranges  0x0000000000000eb0       0x50 common/spl/libspl.o
 .debug_ranges  0x0000000000000f00      0x1b0 disk/libdisk.o
 .debug_ranges  0x00000000000010b0      0x1d0 drivers/i2c/libi2c.o
 .debug_ranges  0x0000000000001280      0x510 drivers/mmc/libmmc.o
 .debug_ranges  0x0000000000001790       0x60 drivers/power/libpower.o
 .debug_ranges  0x00000000000017f0      0x398 drivers/serial/libserial.o
 .debug_ranges  0x0000000000001b88      0x410 lib/libgeneric.o
 .debug_ranges  0x0000000000001f98       0x20 /root/mmplayer/u-boot-sunxi/spl/arch/arm/lib/eabi_compat.o
