fdt_support.c:965:12:of_bus_default_map	48	static
fdt_support.c:943:13:of_bus_default_count_cells	24	static
fdt_support.c:351:12:get_cells_len	8	static
fdt_support.c:982:12:of_bus_default_translate	40	static
fdt_support.c:35:5:fdt_getprop_u32_default	16	static
fdt_support.c:64:5:fdt_find_and_setprop	32	static
fdt_support.c:132:5:fdt_initrd	64	static
fdt_support.c:198:5:fdt_chosen	32	static
fdt_support.c:268:6:do_fixup_by_path	24	static
fdt_support.c:284:6:do_fixup_by_path_u32	24	static
fdt_support.c:291:6:do_fixup_by_prop	40	static
fdt_support.c:312:6:do_fixup_by_prop_u32	32	static
fdt_support.c:320:6:do_fixup_by_compat	40	static
fdt_support.c:339:6:do_fixup_by_compat_u32	24	static
fdt_support.c:379:5:fdt_fixup_memory_banks	72	static
fdt_support.c:436:5:fdt_fixup_memory	16	static
fdt_support.c:441:6:fdt_fixup_ethernet	88	static
fdt_support.c:479:5:fdt_resize	48	static
fdt_support.c:669:5:fdt_increase_size	0	static
fdt_support.c:888:6:fdt_del_node_and_alias	16	static
fdt_support.c:1142:5:fdt_translate_address	112	static
fdt_support.c:1156:5:fdt_node_offset_by_compat_reg	40	static
fdt_support.c:1177:5:fdt_alloc_phandle	16	static
fdt_support.c:1196:5:fdt_set_phandle	40	static
fdt_support.c:1235:14:fdt_create_phandle	16	static
fdt_support.c:1265:5:fdt_set_node_status	40	static
fdt_support.c:1306:5:fdt_set_status_by_alias	16	static
fdt_support.c:1352:5:fdt_verify_alias_address	48	static
fdt_support.c:1393:5:fdt_get_base_address	24	static
