sys_config.c:101:15:_test_str_length	0	static
sys_config.c:31:26:sw_cfg_get_subkey	40	static
sys_config.c:707:5:0	104	static
sys_config.c:53:5:sw_cfg_get_int	8	static
sys_config.c:73:7:sw_cfg_get_str	16	static
sys_config.c:116:5:script_parser_init_early	0	static
sys_config.c:125:5:script_parser_init	0	static
sys_config.c:145:5:script_parser_exit	0	static
sys_config.c:153:5:script_parser_fetch	120	static
sys_config.c:255:5:script_parser_patch	120	static
sys_config.c:345:5:script_parser_fetch_ex	112	static
sys_config.c:449:5:script_parser_subkey_count	64	static
sys_config.c:488:5:script_parser_mainkey_count	0	static
sys_config.c:498:5:script_parser_mainkey_get_gpio_count	72	static
sys_config.c:549:5:script_parser_mainkey_get_gpio_cfg	72	static
sys_config.c:664:5:sw_gpio_init	0	static
sys_config.c:683:7:gpio_exit	0	static
sys_config.c:707:5:gpio_request	0	static
sys_config.c:933:5:gpio_request_ex	72	static
sys_config.c:988:7:gpio_release	56	static
sys_config.c:1126:8:gpio_get_all_pin_status	56	static
sys_config.c:1265:8:gpio_get_one_pin_status	32	static
sys_config.c:1356:8:gpio_set_one_pin_status	32	static
sys_config.c:1478:8:gpio_set_one_pin_io_status	24	static
sys_config.c:1554:8:gpio_set_one_pin_pull	24	static
sys_config.c:1629:8:gpio_set_one_pin_driver_level	24	static
sys_config.c:1704:8:gpio_read_one_pin_value	24	static
sys_config.c:1778:8:gpio_write_one_pin_value	24	static
