mtdcore.c:16:5:add_mtd_device	8	static
mtdcore.c:55:5:del_mtd_device	8	static
mtdcore.c:88:18:get_mtd_device	0	static
mtdcore.c:121:18:get_mtd_device_nm	16	static
mtdcore.c:143:6:put_mtd_device	0	static
mtdcore.c:202:5:mtd_erase	24	static
mtdcore.c:217:5:mtd_read	48	static
mtdcore.c:227:5:mtd_write	48	static
mtdcore.c:247:5:mtd_panic_write	56	static
mtdcore.c:262:5:mtd_read_oob	16	static
mtdcore.c:275:5:mtd_get_fact_prot_info	8	static
mtdcore.c:285:5:mtd_read_fact_prot_reg	24	static
mtdcore.c:296:5:mtd_get_user_prot_info	8	static
mtdcore.c:306:5:mtd_read_user_prot_reg	24	static
mtdcore.c:317:5:mtd_write_user_prot_reg	24	static
mtdcore.c:328:5:mtd_lock_user_prot_reg	16	static
mtdcore.c:338:5:mtd_lock	40	static
mtdcore.c:349:5:mtd_unlock	40	static
mtdcore.c:360:5:mtd_block_isbad	24	static
mtdcore.c:369:5:mtd_block_markbad	24	static
